Archive member included to satisfy reference by file (symbol)

/home/saffet/ARMToolchains/gcc-arm-none-eabi-8-2018-q4-major/bin/../lib/gcc/arm-none-eabi/8.2.1/../../../../arm-none-eabi/lib/thumb/v7e-m/nofp/libg_nano.a(lib_a-ctype_.o)
                              ./system/src/newlib/_syscalls.o (_ctype_)
/home/saffet/ARMToolchains/gcc-arm-none-eabi-8-2018-q4-major/bin/../lib/gcc/arm-none-eabi/8.2.1/../../../../arm-none-eabi/lib/thumb/v7e-m/nofp/libg_nano.a(lib_a-errno.o)
                              ./system/src/newlib/_sbrk.o (__errno)
/home/saffet/ARMToolchains/gcc-arm-none-eabi-8-2018-q4-major/bin/../lib/gcc/arm-none-eabi/8.2.1/../../../../arm-none-eabi/lib/thumb/v7e-m/nofp/libg_nano.a(lib_a-findfp.o)
                              ./system/src/newlib/_syscalls.o (__sinit)
/home/saffet/ARMToolchains/gcc-arm-none-eabi-8-2018-q4-major/bin/../lib/gcc/arm-none-eabi/8.2.1/../../../../arm-none-eabi/lib/thumb/v7e-m/nofp/libg_nano.a(lib_a-fwalk.o)
                              /home/saffet/ARMToolchains/gcc-arm-none-eabi-8-2018-q4-major/bin/../lib/gcc/arm-none-eabi/8.2.1/../../../../arm-none-eabi/lib/thumb/v7e-m/nofp/libg_nano.a(lib_a-findfp.o) (_fwalk)
/home/saffet/ARMToolchains/gcc-arm-none-eabi-8-2018-q4-major/bin/../lib/gcc/arm-none-eabi/8.2.1/../../../../arm-none-eabi/lib/thumb/v7e-m/nofp/libg_nano.a(lib_a-impure.o)
                              /home/saffet/ARMToolchains/gcc-arm-none-eabi-8-2018-q4-major/bin/../lib/gcc/arm-none-eabi/8.2.1/../../../../arm-none-eabi/lib/thumb/v7e-m/nofp/libg_nano.a(lib_a-findfp.o) (_global_impure_ptr)
/home/saffet/ARMToolchains/gcc-arm-none-eabi-8-2018-q4-major/bin/../lib/gcc/arm-none-eabi/8.2.1/../../../../arm-none-eabi/lib/thumb/v7e-m/nofp/libg_nano.a(lib_a-lock.o)
                              /home/saffet/ARMToolchains/gcc-arm-none-eabi-8-2018-q4-major/bin/../lib/gcc/arm-none-eabi/8.2.1/../../../../arm-none-eabi/lib/thumb/v7e-m/nofp/libg_nano.a(lib_a-findfp.o) (__retarget_lock_init_recursive)
/home/saffet/ARMToolchains/gcc-arm-none-eabi-8-2018-q4-major/bin/../lib/gcc/arm-none-eabi/8.2.1/../../../../arm-none-eabi/lib/thumb/v7e-m/nofp/libg_nano.a(lib_a-memset.o)
                              ./system/src/newlib/_syscalls.o (memset)
/home/saffet/ARMToolchains/gcc-arm-none-eabi-8-2018-q4-major/bin/../lib/gcc/arm-none-eabi/8.2.1/../../../../arm-none-eabi/lib/thumb/v7e-m/nofp/libg_nano.a(lib_a-nano-mallocr.o)
                              /home/saffet/ARMToolchains/gcc-arm-none-eabi-8-2018-q4-major/bin/../lib/gcc/arm-none-eabi/8.2.1/../../../../arm-none-eabi/lib/thumb/v7e-m/nofp/libg_nano.a(lib_a-findfp.o) (_malloc_r)
/home/saffet/ARMToolchains/gcc-arm-none-eabi-8-2018-q4-major/bin/../lib/gcc/arm-none-eabi/8.2.1/../../../../arm-none-eabi/lib/thumb/v7e-m/nofp/libg_nano.a(lib_a-sbrkr.o)
                              /home/saffet/ARMToolchains/gcc-arm-none-eabi-8-2018-q4-major/bin/../lib/gcc/arm-none-eabi/8.2.1/../../../../arm-none-eabi/lib/thumb/v7e-m/nofp/libg_nano.a(lib_a-nano-mallocr.o) (_sbrk_r)
/home/saffet/ARMToolchains/gcc-arm-none-eabi-8-2018-q4-major/bin/../lib/gcc/arm-none-eabi/8.2.1/../../../../arm-none-eabi/lib/thumb/v7e-m/nofp/libg_nano.a(lib_a-stdio.o)
                              /home/saffet/ARMToolchains/gcc-arm-none-eabi-8-2018-q4-major/bin/../lib/gcc/arm-none-eabi/8.2.1/../../../../arm-none-eabi/lib/thumb/v7e-m/nofp/libg_nano.a(lib_a-findfp.o) (__sread)
/home/saffet/ARMToolchains/gcc-arm-none-eabi-8-2018-q4-major/bin/../lib/gcc/arm-none-eabi/8.2.1/../../../../arm-none-eabi/lib/thumb/v7e-m/nofp/libg_nano.a(lib_a-strcmp.o)
                              ./system/src/cortexm/exception_handlers.o (strcmp)
/home/saffet/ARMToolchains/gcc-arm-none-eabi-8-2018-q4-major/bin/../lib/gcc/arm-none-eabi/8.2.1/../../../../arm-none-eabi/lib/thumb/v7e-m/nofp/libg_nano.a(lib_a-strlen.o)
                              ./system/src/newlib/_syscalls.o (strlen)
/home/saffet/ARMToolchains/gcc-arm-none-eabi-8-2018-q4-major/bin/../lib/gcc/arm-none-eabi/8.2.1/../../../../arm-none-eabi/lib/thumb/v7e-m/nofp/libg_nano.a(lib_a-strncpy.o)
                              ./system/src/newlib/_syscalls.o (strncpy)
/home/saffet/ARMToolchains/gcc-arm-none-eabi-8-2018-q4-major/bin/../lib/gcc/arm-none-eabi/8.2.1/../../../../arm-none-eabi/lib/thumb/v7e-m/nofp/libg_nano.a(lib_a-vsnprintf.o)
                              ./system/src/diag/Trace.o (vsnprintf)
/home/saffet/ARMToolchains/gcc-arm-none-eabi-8-2018-q4-major/bin/../lib/gcc/arm-none-eabi/8.2.1/../../../../arm-none-eabi/lib/thumb/v7e-m/nofp/libg_nano.a(lib_a-writer.o)
                              /home/saffet/ARMToolchains/gcc-arm-none-eabi-8-2018-q4-major/bin/../lib/gcc/arm-none-eabi/8.2.1/../../../../arm-none-eabi/lib/thumb/v7e-m/nofp/libg_nano.a(lib_a-stdio.o) (_write_r)
/home/saffet/ARMToolchains/gcc-arm-none-eabi-8-2018-q4-major/bin/../lib/gcc/arm-none-eabi/8.2.1/../../../../arm-none-eabi/lib/thumb/v7e-m/nofp/libg_nano.a(lib_a-closer.o)
[...]
Memory Configuration

Name             Origin             Length             Attributes
RAM              0x0000000020000000 0x0000000000020000 xrw
CCMRAM           0x0000000010000000 0x0000000000010000 xrw
FLASH            0x0000000008000000 0x0000000000100000 xr
FLASHB1          0x0000000000000000 0x0000000000000000 xr
EXTMEMB0         0x0000000000000000 0x0000000000000000 xr
EXTMEMB1         0x0000000000000000 0x0000000000000000 xr
EXTMEMB2         0x0000000000000000 0x0000000000000000 xr
EXTMEMB3         0x0000000000000000 0x0000000000000000 xr
MEMORY_ARRAY     0x0000000020002000 0x0000000000000020 xrw
*default*        0x0000000000000000 0xffffffffffffffff

Linker script and memory map

LOAD ./system/src/stm32f4-hal/stm32f4xx_hal.o
LOAD ./system/src/stm32f4-hal/stm32f4xx_hal_cortex.o
LOAD ./system/src/stm32f4-hal/stm32f4xx_hal_dfsdm.o
LOAD ./system/src/stm32f4-hal/stm32f4xx_hal_flash.o
LOAD ./system/src/stm32f4-hal/stm32f4xx_hal_gpio.o
LOAD ./system/src/stm32f4-hal/stm32f4xx_hal_iwdg.o
LOAD ./system/src/stm32f4-hal/stm32f4xx_hal_pwr.o
LOAD ./system/src/stm32f4-hal/stm32f4xx_hal_rcc.o
LOAD ./system/src/newlib/_cxx.o
LOAD ./system/src/newlib/_exit.o
LOAD ./system/src/newlib/_sbrk.o
LOAD ./system/src/newlib/_startup.o
LOAD ./system/src/newlib/_syscalls.o
LOAD ./system/src/newlib/assert.o
LOAD ./system/src/diag/Trace.o
LOAD ./system/src/diag/trace_impl.o
LOAD ./system/src/cortexm/_initialize_hardware.o
LOAD ./system/src/cortexm/_reset_hardware.o
LOAD ./system/src/cortexm/exception_handlers.o
LOAD ./system/src/cmsis/system_stm32f4xx.o
LOAD ./system/src/cmsis/vectors_stm32f407xx.o
LOAD ./src/BlinkLed.o
LOAD ./src/Timer.o
LOAD ./src/_initialize_hardware.o
LOAD ./src/_write.o
LOAD ./src/main.o
LOAD ./src/stm32f4xx_hal_msp.o
LOAD /home/saffet/ARMToolchains/gcc-arm-none-eabi-8-2018-q4-major/bin/../lib/gcc/arm-none-eabi/8.2.1/../../../../arm-none-eabi/lib/thumb/v7e-m/nofp/libstdc++_nano.a
LOAD /home/saffet/ARMToolchains/gcc-arm-none-eabi-8-2018-q4-major/bin/../lib/gcc/arm-none-eabi/8.2.1/../../../../arm-none-eabi/lib/thumb/v7e-m/nofp/libm.a
START GROUP
LOAD /home/saffet/ARMToolchains/gcc-arm-none-eabi-8-2018-q4-major/bin/../lib/gcc/arm-none-eabi/8.2.1/thumb/v7e-m/nofp/libgcc.a
LOAD /home/saffet/ARMToolchains/gcc-arm-none-eabi-8-2018-q4-major/bin/../lib/gcc/arm-none-eabi/8.2.1/../../../../arm-none-eabi/lib/thumb/v7e-m/nofp/libg_nano.a
LOAD /home/saffet/ARMToolchains/gcc-arm-none-eabi-8-2018-q4-major/bin/../lib/gcc/arm-none-eabi/8.2.1/../../../../arm-none-eabi/lib/thumb/v7e-m/nofp/libc_nano.a
END GROUP
START GROUP
LOAD /home/saffet/ARMToolchains/gcc-arm-none-eabi-8-2018-q4-major/bin/../lib/gcc/arm-none-eabi/8.2.1/thumb/v7e-m/nofp/libgcc.a
LOAD /home/saffet/ARMToolchains/gcc-arm-none-eabi-8-2018-q4-major/bin/../lib/gcc/arm-none-eabi/8.2.1/../../../../arm-none-eabi/lib/thumb/v7e-m/nofp/libc_nano.a
END GROUP
                0x0000000020020000                __stack = (ORIGIN (RAM) + LENGTH (RAM))
                0x0000000020020000                _estack = __stack
                0x0000000000000400                __Main_Stack_Size = 0x400
                [!provide]                        PROVIDE (_Main_Stack_Size = __Main_Stack_Size)
                0x000000002001fc00                __Main_Stack_Limit = (__stack - __Main_Stack_Size)
                [!provide]                        PROVIDE (_Main_Stack_Limit = __Main_Stack_Limit)
                0x0000000000000100                _Minimum_Stack_Size = 0x100
                0x0000000020000240                PROVIDE (_Heap_Begin = _end_noinit)
                0x000000002001fc00                PROVIDE (_Heap_Limit = (__stack - __Main_Stack_Size))

.isr_vector     0x0000000008000000      0x3e8
 FILL mask 0xff
                0x0000000008000000                __vectors_start = ABSOLUTE (.)
                0x0000000008000000                __vectors_start__ = ABSOLUTE (.)
 *(.isr_vector)
 .isr_vector    0x0000000008000000      0x188 ./system/src/cmsis/vectors_stm32f407xx.o
                0x0000000008000000                __isr_vectors
 *(.cfmconfig)
 *(.after_vectors .after_vectors.*)
 .after_vectors
                0x0000000008000188      0x130 ./system/src/newlib/_startup.o
                0x0000000008000188                _start
 .after_vectors
                0x00000000080002b8      0x12c ./system/src/cortexm/exception_handlers.o
                0x00000000080002b8                Reset_Handler
                0x00000000080002be                NMI_Handler
                0x00000000080002c2                HardFault_Handler
                0x00000000080002d6                HardFault_Handler_C
                0x0000000008000334                MemManage_Handler
                0x0000000008000338                BusFault_Handler
                0x000000000800034c                BusFault_Handler_C
                0x0000000008000380                UsageFault_Handler
                0x0000000008000394                UsageFault_Handler_C
                0x00000000080003c8                SVC_Handler
                0x00000000080003cc                DebugMon_Handler
                0x00000000080003d0                PendSV_Handler
 .after_vectors
                0x00000000080003e4        0x4 ./system/src/cmsis/vectors_stm32f407xx.o
                0x00000000080003e4                RTC_Alarm_IRQHandler
                0x00000000080003e4                HASH_RNG_IRQHandler
                0x00000000080003e4                EXTI2_IRQHandler
                0x00000000080003e4                TIM8_CC_IRQHandler
                0x00000000080003e4                TIM1_CC_IRQHandler
                0x00000000080003e4                DMA2_Stream5_IRQHandler
                0x00000000080003e4                DMA1_Stream5_IRQHandler
                0x00000000080003e4                PVD_IRQHandler
                0x00000000080003e4                SDIO_IRQHandler
                0x00000000080003e4                TAMP_STAMP_IRQHandler
                0x00000000080003e4                CAN2_RX1_IRQHandler
                0x00000000080003e4                EXTI3_IRQHandler
                0x00000000080003e4                TIM8_TRG_COM_TIM14_IRQHandler
                0x00000000080003e4                TIM1_UP_TIM10_IRQHandler
                0x00000000080003e4                TIM8_UP_TIM13_IRQHandler
                0x00000000080003e4                I2C3_ER_IRQHandler
                0x00000000080003e4                EXTI0_IRQHandler
                0x00000000080003e4                I2C2_EV_IRQHandler
                0x00000000080003e4                DMA1_Stream2_IRQHandler
                0x00000000080003e4                CAN1_RX0_IRQHandler
                0x00000000080003e4                FPU_IRQHandler
                0x00000000080003e4                OTG_HS_WKUP_IRQHandler
                0x00000000080003e4                CAN2_SCE_IRQHandler
                0x00000000080003e4                DMA2_Stream2_IRQHandler
                0x00000000080003e4                SPI1_IRQHandler
                0x00000000080003e4                TIM6_DAC_IRQHandler
                0x00000000080003e4                TIM1_BRK_TIM9_IRQHandler
                0x00000000080003e4                DCMI_IRQHandler
                0x00000000080003e4                CAN2_RX0_IRQHandler
                0x00000000080003e4                DMA2_Stream3_IRQHandler
                0x00000000080003e4                USART6_IRQHandler
                0x00000000080003e4                USART3_IRQHandler
                0x00000000080003e4                CAN1_RX1_IRQHandler
                0x00000000080003e4                UART5_IRQHandler
                0x00000000080003e4                DMA2_Stream0_IRQHandler
                0x00000000080003e4                TIM4_IRQHandler
                0x00000000080003e4                I2C1_EV_IRQHandler
                0x00000000080003e4                DMA1_Stream6_IRQHandler
                0x00000000080003e4                DMA1_Stream1_IRQHandler
                0x00000000080003e4                UART4_IRQHandler
                0x00000000080003e4                TIM3_IRQHandler
                0x00000000080003e4                RCC_IRQHandler
                0x00000000080003e4                TIM8_BRK_TIM12_IRQHandler
                0x00000000080003e4                Default_Handler
                0x00000000080003e4                EXTI15_10_IRQHandler
                0x00000000080003e4                ADC_IRQHandler
                0x00000000080003e4                DMA1_Stream7_IRQHandler
                0x00000000080003e4                TIM7_IRQHandler
                0x00000000080003e4                CAN2_TX_IRQHandler
                0x00000000080003e4                TIM5_IRQHandler
                0x00000000080003e4                DMA2_Stream7_IRQHandler
                0x00000000080003e4                I2C3_EV_IRQHandler
                0x00000000080003e4                EXTI9_5_IRQHandler
                0x00000000080003e4                RTC_WKUP_IRQHandler
                0x00000000080003e4                ETH_WKUP_IRQHandler
                0x00000000080003e4                SPI2_IRQHandler
                0x00000000080003e4                OTG_HS_EP1_IN_IRQHandler
                0x00000000080003e4                DMA1_Stream0_IRQHandler
                0x00000000080003e4                CAN1_TX_IRQHandler
                0x00000000080003e4                EXTI4_IRQHandler
                0x00000000080003e4                ETH_IRQHandler
                0x00000000080003e4                OTG_HS_EP1_OUT_IRQHandler
                0x00000000080003e4                WWDG_IRQHandler
                0x00000000080003e4                TIM2_IRQHandler
                0x00000000080003e4                OTG_FS_WKUP_IRQHandler
                0x00000000080003e4                TIM1_TRG_COM_TIM11_IRQHandler
                0x00000000080003e4                OTG_HS_IRQHandler
                0x00000000080003e4                EXTI1_IRQHandler
                0x00000000080003e4                USART2_IRQHandler
                0x00000000080003e4                I2C2_ER_IRQHandler
                0x00000000080003e4                DMA2_Stream1_IRQHandler
                0x00000000080003e4                CAN1_SCE_IRQHandler
                0x00000000080003e4                FLASH_IRQHandler
                0x00000000080003e4                DMA2_Stream4_IRQHandler
                0x00000000080003e4                USART1_IRQHandler
                0x00000000080003e4                OTG_FS_IRQHandler
                0x00000000080003e4                SPI3_IRQHandler
                0x00000000080003e4                DMA1_Stream4_IRQHandler
                0x00000000080003e4                I2C1_ER_IRQHandler
                0x00000000080003e4                FMC_IRQHandler
                0x00000000080003e4                DMA2_Stream6_IRQHandler
                0x00000000080003e4                DMA1_Stream3_IRQHandler

.inits          0x00000000080003e8       0x28
                0x00000000080003e8                __data_regions_array_start = .
                0x00000000080003e8        0x4 LONG 0x80024a4 LOADADDR (.data)
                0x00000000080003ec        0x4 LONG 0x20000000 ADDR (.data)
                0x00000000080003f0        0x4 LONG 0x20000070 (ADDR (.data) + SIZEOF (.data))
                0x00000000080003f4        0x4 LONG 0x80024a4 LOADADDR (.data_CCMRAM)
                0x00000000080003f8        0x4 LONG 0x10000000 ADDR (.data_CCMRAM)
                0x00000000080003fc        0x4 LONG 0x10000000 (ADDR (.data_CCMRAM) + SIZEOF (.data_CCMRAM))
                0x0000000008000400                __data_regions_array_end = .
                0x0000000008000400                __bss_regions_array_start = .
                0x0000000008000400        0x4 LONG 0x20000070 ADDR (.bss)
                0x0000000008000404        0x4 LONG 0x20000240 (ADDR (.bss) + SIZEOF (.bss))
                0x0000000008000408        0x4 LONG 0x10000000 ADDR (.bss_CCMRAM)
                0x000000000800040c        0x4 LONG 0x10000000 (ADDR (.bss_CCMRAM) + SIZEOF (.bss_CCMRAM))
                0x0000000008000410                __bss_regions_array_end = .
 *(.init)
 *(.fini)
                0x0000000008000410                . = ALIGN (0x4)
                0x0000000008000410                PROVIDE (__preinit_array_start = .)
 *(.preinit_array_sysinit .preinit_array_sysinit.*)
 *(.preinit_array_platform .preinit_array_platform.*)
 *(.preinit_array .preinit_array.*)
                0x0000000008000410                PROVIDE (__preinit_array_end = .)
                0x0000000008000410                . = ALIGN (0x4)
                0x0000000008000410                PROVIDE (__init_array_start = .)
 *(SORT_BY_NAME(.init_array.*))
 *(.init_array)
                0x0000000008000410                PROVIDE (__init_array_end = .)
                0x0000000008000410                . = ALIGN (0x4)
                0x0000000008000410                PROVIDE (__fini_array_start = .)
 *(SORT_BY_NAME(.fini_array.*))
 *(.fini_array)
                0x0000000008000410                PROVIDE (__fini_array_end = .)

.flashtext
 *(.flashtext .flashtext.*)

.text           0x0000000008000410     0x2093
 *(.text .text.*)
 .text.HAL_InitTick
                0x0000000008000410       0x2c ./system/src/stm32f4-hal/stm32f4xx_hal.o
                0x0000000008000410                HAL_InitTick
 .text.HAL_Init
                0x000000000800043c       0x34 ./system/src/stm32f4-hal/stm32f4xx_hal.o
                0x000000000800043c                HAL_Init
 .text.HAL_IncTick
                0x0000000008000470       0x10 ./system/src/stm32f4-hal/stm32f4xx_hal.o
                0x0000000008000470                HAL_IncTick
 .text.HAL_GetTick
                0x0000000008000480        0xc ./system/src/stm32f4-hal/stm32f4xx_hal.o
                0x0000000008000480                HAL_GetTick
 .text.HAL_Delay
                0x000000000800048c       0x1c ./system/src/stm32f4-hal/stm32f4xx_hal.o
                0x000000000800048c                HAL_Delay
 .text.HAL_NVIC_SetPriorityGrouping
                0x00000000080004a8       0x3c ./system/src/stm32f4-hal/stm32f4xx_hal_cortex.o
                0x00000000080004a8                HAL_NVIC_SetPriorityGrouping
 .text.HAL_NVIC_SetPriority
                0x00000000080004e4       0x8c ./system/src/stm32f4-hal/stm32f4xx_hal_cortex.o
                0x00000000080004e4                HAL_NVIC_SetPriority
 .text.HAL_SYSTICK_Config
                0x0000000008000570       0x2c ./system/src/stm32f4-hal/stm32f4xx_hal_cortex.o
                0x0000000008000570                HAL_SYSTICK_Config
 .text.HAL_SYSTICK_CLKSourceConfig
                0x000000000800059c       0x3c ./system/src/stm32f4-hal/stm32f4xx_hal_cortex.o
                0x000000000800059c                HAL_SYSTICK_CLKSourceConfig
 .text.HAL_GPIO_Init
                0x00000000080005d8      0x304 ./system/src/stm32f4-hal/stm32f4xx_hal_gpio.o
                0x00000000080005d8                HAL_GPIO_Init
 .text.HAL_GPIO_ReadPin
                0x00000000080008dc       0x28 ./system/src/stm32f4-hal/stm32f4xx_hal_gpio.o
                0x00000000080008dc                HAL_GPIO_ReadPin
 .text.HAL_GPIO_WritePin
                0x0000000008000904       0x38 ./system/src/stm32f4-hal/stm32f4xx_hal_gpio.o
                0x0000000008000904                HAL_GPIO_WritePin
 .text.HAL_RCC_OscConfig
                0x000000000800093c      0x43c ./system/src/stm32f4-hal/stm32f4xx_hal_rcc.o
                0x000000000800093c                HAL_RCC_OscConfig
 .text.HAL_RCC_GetSysClockFreq
                0x0000000008000d78       0x94 ./system/src/stm32f4-hal/stm32f4xx_hal_rcc.o
                0x0000000008000d78                HAL_RCC_GetSysClockFreq
 .text.HAL_RCC_ClockConfig
                0x0000000008000e0c      0x258 ./system/src/stm32f4-hal/stm32f4xx_hal_rcc.o
                0x0000000008000e0c                HAL_RCC_ClockConfig
 .text.HAL_RCC_GetHCLKFreq
                0x0000000008001064        0xc ./system/src/stm32f4-hal/stm32f4xx_hal_rcc.o
                0x0000000008001064                HAL_RCC_GetHCLKFreq
 .text.abort    0x0000000008001070       0x14 ./system/src/newlib/_exit.o
                0x0000000008001070                abort
 .text._sbrk    0x0000000008001084       0x44 ./system/src/newlib/_sbrk.o
                0x0000000008001084                _sbrk
 .text._exit    0x00000000080010c8       0x20 ./system/src/newlib/_syscalls.o
                0x00000000080010c8                _exit
 .text.initialise_monitor_handles
                0x00000000080010e8       0xa8 ./system/src/newlib/_syscalls.o
                0x00000000080010e8                initialise_monitor_handles
 .text.__initialize_args
                0x0000000008001190       0xbc ./system/src/newlib/_syscalls.o
                0x0000000008001190                __initialize_args
 .text.assert_failed
                0x000000000800124c       0x14 ./system/src/newlib/assert.o
                0x000000000800124c                assert_failed
 .text.trace_printf
                0x0000000008001260       0x34 ./system/src/diag/Trace.o
                0x0000000008001260                trace_printf
 .text.trace_puts
                0x0000000008001294       0x20 ./system/src/diag/Trace.o
                0x0000000008001294                trace_puts
 .text._trace_write_semihosting_debug
                0x00000000080012b4       0x60 ./system/src/diag/trace_impl.o
 .text.trace_write
                0x0000000008001314        0x8 ./system/src/diag/trace_impl.o
                0x0000000008001314                trace_write
 .text.__initialize_hardware_early
                0x000000000800131c       0x18 ./system/src/cortexm/_initialize_hardware.o
                0x000000000800131c                __initialize_hardware_early
 .text.dumpExceptionStack
                0x0000000008001334       0xf4 ./system/src/cortexm/exception_handlers.o
                0x0000000008001334                dumpExceptionStack
 .text.isSemihosting
                0x0000000008001428      0x100 ./system/src/cortexm/exception_handlers.o
                0x0000000008001428                isSemihosting
 .text.SystemInit
                0x0000000008001528       0x40 ./system/src/cmsis/system_stm32f4xx.o
                0x0000000008001528                SystemInit
 .text.SystemCoreClockUpdate
                0x0000000008001568       0xa0 ./system/src/cmsis/system_stm32f4xx.o
                0x0000000008001568                SystemCoreClockUpdate
 .text.timer_tick
                0x0000000008001608       0x14 ./src/Timer.o
                0x0000000008001608                timer_tick
 .text.SysTick_Handler
                0x000000000800161c        0xc ./src/Timer.o
                0x000000000800161c                SysTick_Handler
 .text.SystemClock_Config
                0x0000000008001628       0x9c ./src/_initialize_hardware.o
                0x0000000008001628                SystemClock_Config
 .text.__initialize_hardware
                0x00000000080016c4       0x10 ./src/_initialize_hardware.o
                0x00000000080016c4                __initialize_hardware
 .text.GPIO_Init
                0x00000000080016d4       0x68 ./src/main.o
                0x00000000080016d4                GPIO_Init
 .text.main     0x000000000800173c       0x50 ./src/main.o
                0x000000000800173c                main
 .text.HAL_MspInit
                0x000000000800178c        0x2 ./src/stm32f4xx_hal_msp.o
                0x000000000800178c                HAL_MspInit
 *fill*         0x000000000800178e        0x2 
 .text.__errno  0x0000000008001790        0xc /home/saffet/ARMToolchains/gcc-arm-none-eabi-8-2018-q4-major/bin/../lib/gcc/arm-none-eabi/8.2.1/../../../../arm-none-eabi/lib/thumb/v7e-m/nofp/libg_nano.a(lib_a-errno.o)
                0x0000000008001790                __errno
 .text.__retarget_lock_acquire_recursive
                0x000000000800179c        0x2 /home/saffet/ARMToolchains/gcc-arm-none-eabi-8-2018-q4-major/bin/../lib/gcc/arm-none-eabi/8.2.1/../../../../arm-none-eabi/lib/thumb/v7e-m/nofp/libg_nano.a(lib_a-lock.o)
                0x000000000800179c                __retarget_lock_acquire_recursive
 .text.__retarget_lock_release_recursive
                0x000000000800179e        0x2 /home/saffet/ARMToolchains/gcc-arm-none-eabi-8-2018-q4-major/bin/../lib/gcc/arm-none-eabi/8.2.1/../../../../arm-none-eabi/lib/thumb/v7e-m/nofp/libg_nano.a(lib_a-lock.o)
                0x000000000800179e                __retarget_lock_release_recursive
 .text._malloc_r
                0x00000000080017a0       0xb4 /home/saffet/ARMToolchains/gcc-arm-none-eabi-8-2018-q4-major/bin/../lib/gcc/arm-none-eabi/8.2.1/../../../../arm-none-eabi/lib/thumb/v7e-m/nofp/libg_nano.a(lib_a-nano-mallocr.o)
                0x00000000080017a0                _malloc_r
 .text._sbrk_r  0x0000000008001854       0x20 /home/saffet/ARMToolchains/gcc-arm-none-eabi-8-2018-q4-major/bin/../lib/gcc/arm-none-eabi/8.2.1/../../../../arm-none-eabi/lib/thumb/v7e-m/nofp/libg_nano.a(lib_a-sbrkr.o)
                0x0000000008001854                _sbrk_r
 .text          0x0000000008001874       0x14 /home/saffet/ARMToolchains/gcc-arm-none-eabi-8-2018-q4-major/bin/../lib/gcc/arm-none-eabi/8.2.1/../../../../arm-none-eabi/lib/thumb/v7e-m/nofp/libg_nano.a(lib_a-strcmp.o)
                0x0000000008001874                strcmp
 .text          0x0000000008001888       0x10 /home/saffet/ARMToolchains/gcc-arm-none-eabi-8-2018-q4-major/bin/../lib/gcc/arm-none-eabi/8.2.1/../../../../arm-none-eabi/lib/thumb/v7e-m/nofp/libg_nano.a(lib_a-strlen.o)
                0x0000000008001888                strlen
 .text._vsnprintf_r
                0x0000000008001898       0x58 /home/saffet/ARMToolchains/gcc-arm-none-eabi-8-2018-q4-major/bin/../lib/gcc/arm-none-eabi/8.2.1/../../../../arm-none-eabi/lib/thumb/v7e-m/nofp/libg_nano.a(lib_a-vsnprintf.o)
                0x0000000008001898                _vsnprintf_r
                0x0000000008001898                _vsniprintf_r
 .text.vsnprintf
                0x00000000080018f0       0x1c /home/saffet/ARMToolchains/gcc-arm-none-eabi-8-2018-q4-major/bin/../lib/gcc/arm-none-eabi/8.2.1/../../../../arm-none-eabi/lib/thumb/v7e-m/nofp/libg_nano.a(lib_a-vsnprintf.o)
                0x00000000080018f0                vsnprintf
                0x00000000080018f0                vsniprintf
 .text.__malloc_lock
                0x000000000800190c        0xc /home/saffet/ARMToolchains/gcc-arm-none-eabi-8-2018-q4-major/bin/../lib/gcc/arm-none-eabi/8.2.1/../../../../arm-none-eabi/lib/thumb/v7e-m/nofp/libg_nano.a(lib_a-mlock.o)
                0x000000000800190c                __malloc_lock
 .text.__malloc_unlock
                0x0000000008001918        0xc /home/saffet/ARMToolchains/gcc-arm-none-eabi-8-2018-q4-major/bin/../lib/gcc/arm-none-eabi/8.2.1/../../../../arm-none-eabi/lib/thumb/v7e-m/nofp/libg_nano.a(lib_a-mlock.o)
                0x0000000008001918                __malloc_unlock
 .text._free_r  0x0000000008001924       0x9c /home/saffet/ARMToolchains/gcc-arm-none-eabi-8-2018-q4-major/bin/../lib/gcc/arm-none-eabi/8.2.1/../../../../arm-none-eabi/lib/thumb/v7e-m/nofp/libg_nano.a(lib_a-nano-freer.o)
                0x0000000008001924                _free_r
 .text.__ssputs_r
                0x00000000080019c0       0xb6 /home/saffet/ARMToolchains/gcc-arm-none-eabi-8-2018-q4-major/bin/../lib/gcc/arm-none-eabi/8.2.1/../../../../arm-none-eabi/lib/thumb/v7e-m/nofp/libg_nano.a(lib_a-nano-svfprintf.o)
                0x00000000080019c0                __ssputs_r
 *fill*         0x0000000008001a76        0x2 
 .text._svfprintf_r
                0x0000000008001a78      0x1f0 /home/saffet/ARMToolchains/gcc-arm-none-eabi-8-2018-q4-major/bin/../lib/gcc/arm-none-eabi/8.2.1/../../../../arm-none-eabi/lib/thumb/v7e-m/nofp/libg_nano.a(lib_a-nano-svfprintf.o)
                0x0000000008001a78                _svfprintf_r
                0x0000000008001a78                _svfiprintf_r
 .text._printf_common
                0x0000000008001c68       0xea /home/saffet/ARMToolchains/gcc-arm-none-eabi-8-2018-q4-major/bin/../lib/gcc/arm-none-eabi/8.2.1/../../../../arm-none-eabi/lib/thumb/v7e-m/nofp/libg_nano.a(lib_a-nano-vfprintf_i.o)
                0x0000000008001c68                _printf_common
 *fill*         0x0000000008001d52        0x2 
 .text._printf_i
                0x0000000008001d54      0x228 /home/saffet/ARMToolchains/gcc-arm-none-eabi-8-2018-q4-major/bin/../lib/gcc/arm-none-eabi/8.2.1/../../../../arm-none-eabi/lib/thumb/v7e-m/nofp/libg_nano.a(lib_a-nano-vfprintf_i.o)
                0x0000000008001d54                _printf_i
 *fill*         0x0000000008001f7c        0x4 
 .text          0x0000000008001f80       0xa0 /home/saffet/ARMToolchains/gcc-arm-none-eabi-8-2018-q4-major/bin/../lib/gcc/arm-none-eabi/8.2.1/../../../../arm-none-eabi/lib/thumb/v7e-m/nofp/libg_nano.a(lib_a-memchr.o)
                0x0000000008001f80                memchr
 .text.memcpy   0x0000000008002020       0x1c /home/saffet/ARMToolchains/gcc-arm-none-eabi-8-2018-q4-major/bin/../lib/gcc/arm-none-eabi/8.2.1/../../../../arm-none-eabi/lib/thumb/v7e-m/nofp/libg_nano.a(lib_a-memcpy-stub.o)
                0x0000000008002020                memcpy
 .text.memmove  0x000000000800203c       0x34 /home/saffet/ARMToolchains/gcc-arm-none-eabi-8-2018-q4-major/bin/../lib/gcc/arm-none-eabi/8.2.1/../../../../arm-none-eabi/lib/thumb/v7e-m/nofp/libg_nano.a(lib_a-memmove.o)
                0x000000000800203c                memmove
 .text._realloc_r
                0x0000000008002070       0x4c /home/saffet/ARMToolchains/gcc-arm-none-eabi-8-2018-q4-major/bin/../lib/gcc/arm-none-eabi/8.2.1/../../../../arm-none-eabi/lib/thumb/v7e-m/nofp/libg_nano.a(lib_a-nano-reallocr.o)
                0x0000000008002070                _realloc_r
 .text._malloc_usable_size_r
                0x00000000080020bc       0x10 /home/saffet/ARMToolchains/gcc-arm-none-eabi-8-2018-q4-major/bin/../lib/gcc/arm-none-eabi/8.2.1/../../../../arm-none-eabi/lib/thumb/v7e-m/nofp/libg_nano.a(lib_a-nano-msizer.o)
                0x00000000080020bc                _malloc_usable_size_r
 *(.rodata .rodata.* .constdata .constdata.*)
 .rodata.HAL_NVIC_SetPriorityGrouping.str1.4
                0x00000000080020cc       0x31 ./system/src/stm32f4-hal/stm32f4xx_hal_cortex.o
 *fill*         0x00000000080020fd        0x3 
 .rodata.HAL_GPIO_Init.str1.4
                0x0000000008002100       0x2f ./system/src/stm32f4-hal/stm32f4xx_hal_gpio.o
 *fill*         0x000000000800212f        0x1 
 .rodata.APBAHBPrescTable
                0x0000000008002130       0x10 ./system/src/stm32f4-hal/stm32f4xx_hal_rcc.o
                0x0000000008002130                APBAHBPrescTable
 .rodata.HAL_RCC_OscConfig.str1.4
                0x0000000008002140       0x2e ./system/src/stm32f4-hal/stm32f4xx_hal_rcc.o
 *fill*         0x000000000800216e        0x2 
 .rodata.abort.str1.4
                0x0000000008002170       0x14 ./system/src/newlib/_exit.o
 .rodata.initialise_monitor_handles.str1.4
                0x0000000008002184        0x4 ./system/src/newlib/_syscalls.o
 .rodata.assert_failed.str1.4
                0x0000000008002188       0x2b ./system/src/newlib/assert.o
 .rodata.trace_puts.str1.4
                0x00000000080021b3       0x2b ./system/src/diag/Trace.o
                                          0x2 (size before relaxing)
 *fill*         0x00000000080021b3        0x1 
 .rodata.dumpExceptionStack.str1.4
                0x00000000080021b4      0x11a ./system/src/cortexm/exception_handlers.o
 .rodata.isSemihosting.str1.4
                0x00000000080022ce        0x4 ./system/src/cortexm/exception_handlers.o
 *fill*         0x00000000080022ce        0x2 
 .rodata.str1.4
                0x00000000080022d0       0x2c ./system/src/cortexm/exception_handlers.o
                                         0x2a (size before relaxing)
 .rodata.AHBPrescTable
                0x00000000080022fc       0x10 ./system/src/cmsis/system_stm32f4xx.o
                0x00000000080022fc                AHBPrescTable
 .rodata._ctype_
                0x000000000800230c      0x101 /home/saffet/ARMToolchains/gcc-arm-none-eabi-8-2018-q4-major/bin/../lib/gcc/arm-none-eabi/8.2.1/../../../../arm-none-eabi/lib/thumb/v7e-m/nofp/libg_nano.a(lib_a-ctype_.o)
                0x000000000800230c                _ctype_
 *fill*         0x000000000800240d        0x3 
 .rodata.__sf_fake_stderr
                0x0000000008002410       0x20 /home/saffet/ARMToolchains/gcc-arm-none-eabi-8-2018-q4-major/bin/../lib/gcc/arm-none-eabi/8.2.1/../../../../arm-none-eabi/lib/thumb/v7e-m/nofp/libg_nano.a(lib_a-findfp.o)
                0x0000000008002410                __sf_fake_stderr
 .rodata.__sf_fake_stdin
                0x0000000008002430       0x20 /home/saffet/ARMToolchains/gcc-arm-none-eabi-8-2018-q4-major/bin/../lib/gcc/arm-none-eabi/8.2.1/../../../../arm-none-eabi/lib/thumb/v7e-m/nofp/libg_nano.a(lib_a-findfp.o)
                0x0000000008002430                __sf_fake_stdin
 .rodata.__sf_fake_stdout
                0x0000000008002450       0x20 /home/saffet/ARMToolchains/gcc-arm-none-eabi-8-2018-q4-major/bin/../lib/gcc/arm-none-eabi/8.2.1/../../../../arm-none-eabi/lib/thumb/v7e-m/nofp/libg_nano.a(lib_a-findfp.o)
                0x0000000008002450                __sf_fake_stdout
 .rodata._svfprintf_r.str1.1
                0x0000000008002470       0x11 /home/saffet/ARMToolchains/gcc-arm-none-eabi-8-2018-q4-major/bin/../lib/gcc/arm-none-eabi/8.2.1/../../../../arm-none-eabi/lib/thumb/v7e-m/nofp/libg_nano.a(lib_a-nano-svfprintf.o)
 .rodata._printf_i.str1.1
                0x0000000008002481       0x22 /home/saffet/ARMToolchains/gcc-arm-none-eabi-8-2018-q4-major/bin/../lib/gcc/arm-none-eabi/8.2.1/../../../../arm-none-eabi/lib/thumb/v7e-m/nofp/libg_nano.a(lib_a-nano-vfprintf_i.o)
 *(vtable)
 *(.eh_frame*)
 *(.glue_7)
 .glue_7        0x00000000080024a3        0x0 linker stubs
 *(.glue_7t)
 .glue_7t       0x00000000080024a3        0x0 linker stubs

.vfp11_veneer   0x00000000080024a4        0x0
 .vfp11_veneer  0x00000000080024a4        0x0 linker stubs

.v4_bx          0x00000000080024a4        0x0
 .v4_bx         0x00000000080024a4        0x0 linker stubs

.iplt           0x00000000080024a4        0x0
 .iplt          0x00000000080024a4        0x0 ./system/src/stm32f4-hal/stm32f4xx_hal.o

.rel.dyn        0x00000000080024a4        0x0
 .rel.iplt      0x00000000080024a4        0x0 ./system/src/stm32f4-hal/stm32f4xx_hal.o

.ARM.extab
 *(.ARM.extab* .gnu.linkonce.armextab.*)
                0x00000000080024a4                . = ALIGN (0x4)
                0x00000000080024a4                __exidx_start = .

.ARM.exidx
 *(.ARM.exidx* .gnu.linkonce.armexidx.*)
                0x00000000080024a4                __exidx_end = .
                0x00000000080024a4                . = ALIGN (0x4)
                0x00000000080024a4                _etext = .
                0x00000000080024a4                __etext = .

.data_CCMRAM    0x0000000010000000        0x0 load address 0x00000000080024a4
 FILL mask 0xff
 *(.data.CCMRAM .data.CCMRAM.*)
                0x0000000010000000                . = ALIGN (0x4)
                0x00000000080024a4                _sidata = LOADADDR (.data)

.data           0x0000000020000000       0x70 load address 0x00000000080024a4
 FILL mask 0xff
                0x0000000020000000                _sdata = .
                0x0000000020000000                __data_start__ = .
 *(.data_begin .data_begin.*)
 .data_begin    0x0000000020000000        0x4 ./system/src/newlib/_startup.o
 *(.data .data.*)
 .data.SystemCoreClock
                0x0000000020000004        0x4 ./system/src/cmsis/system_stm32f4xx.o
                0x0000000020000004                SystemCoreClock
 .data._impure_ptr
                0x0000000020000008        0x4 /home/saffet/ARMToolchains/gcc-arm-none-eabi-8-2018-q4-major/bin/../lib/gcc/arm-none-eabi/8.2.1/../../../../arm-none-eabi/lib/thumb/v7e-m/nofp/libg_nano.a(lib_a-impure.o)
                0x0000000020000008                _impure_ptr
 .data.impure_data
                0x000000002000000c       0x60 /home/saffet/ARMToolchains/gcc-arm-none-eabi-8-2018-q4-major/bin/../lib/gcc/arm-none-eabi/8.2.1/../../../../arm-none-eabi/lib/thumb/v7e-m/nofp/libg_nano.a(lib_a-impure.o)
 *(.data_end .data_end.*)
 .data_end      0x000000002000006c        0x4 ./system/src/newlib/_startup.o
                0x0000000020000070                . = ALIGN (0x4)
                0x0000000020000070                _edata = .
                0x0000000020000070                __data_end__ = .

.igot.plt       0x0000000020000070        0x0 load address 0x0000000008002514
 .igot.plt      0x0000000020000070        0x0 ./system/src/stm32f4-hal/stm32f4xx_hal.o

.bss_CCMRAM     0x0000000010000000        0x0
 *(.bss.CCMRAM .bss.CCMRAM.*)

.bss            0x0000000020000070      0x1d0
                0x0000000020000070                __bss_start__ = .
                0x0000000020000070                _sbss = .
 *(.bss_begin .bss_begin.*)
 .bss_begin     0x0000000020000070        0x4 ./system/src/newlib/_startup.o
 *(.bss .bss.*)
 .bss.current_heap_end.4534
                0x0000000020000074        0x4 ./system/src/newlib/_sbrk.o
 .bss.args_buf.6482
                0x0000000020000078       0x50 ./system/src/newlib/_syscalls.o
 .bss.argv_buf.6483
                0x00000000200000c8       0x28 ./system/src/newlib/_syscalls.o
 .bss.monitor_stderr
                0x00000000200000f0        0x4 ./system/src/newlib/_syscalls.o
 .bss.monitor_stdin
                0x00000000200000f4        0x4 ./system/src/newlib/_syscalls.o
 .bss.monitor_stdout
                0x00000000200000f8        0x4 ./system/src/newlib/_syscalls.o
 .bss.openfiles
                0x00000000200000fc       0xa0 ./system/src/newlib/_syscalls.o
 .bss.buf.5778  0x000000002000019c       0x80 ./system/src/diag/Trace.o
 .bss.__malloc_free_list
                0x000000002000021c        0x4 /home/saffet/ARMToolchains/gcc-arm-none-eabi-8-2018-q4-major/bin/../lib/gcc/arm-none-eabi/8.2.1/../../../../arm-none-eabi/lib/thumb/v7e-m/nofp/libg_nano.a(lib_a-nano-mallocr.o)
                0x000000002000021c                __malloc_free_list
 .bss.__malloc_sbrk_start
                0x0000000020000220        0x4 /home/saffet/ARMToolchains/gcc-arm-none-eabi-8-2018-q4-major/bin/../lib/gcc/arm-none-eabi/8.2.1/../../../../arm-none-eabi/lib/thumb/v7e-m/nofp/libg_nano.a(lib_a-nano-mallocr.o)
                0x0000000020000220                __malloc_sbrk_start
 *(COMMON)
 COMMON         0x0000000020000224        0x4 ./system/src/stm32f4-hal/stm32f4xx_hal.o
                0x0000000020000224                uwTick
 COMMON         0x0000000020000228        0x4 ./system/src/newlib/_syscalls.o
                0x0000000020000228                errno
 COMMON         0x000000002000022c        0x4 ./src/Timer.o
                0x000000002000022c                timer_delayCount
 COMMON         0x0000000020000230        0x9 /home/saffet/ARMToolchains/gcc-arm-none-eabi-8-2018-q4-major/bin/../lib/gcc/arm-none-eabi/8.2.1/../../../../arm-none-eabi/lib/thumb/v7e-m/nofp/libg_nano.a(lib_a-lock.o)
                0x0000000020000230                __lock___atexit_recursive_mutex
                0x0000000020000231                __lock___arc4random_mutex
                0x0000000020000232                __lock___env_recursive_mutex
                0x0000000020000233                __lock___sinit_recursive_mutex
                0x0000000020000234                __lock___malloc_recursive_mutex
                0x0000000020000235                __lock___at_quick_exit_mutex
                0x0000000020000236                __lock___dd_hash_mutex
                0x0000000020000237                __lock___tz_mutex
                0x0000000020000238                __lock___sfp_recursive_mutex
 *(.bss_end .bss_end.*)
 *fill*         0x0000000020000239        0x3 
 .bss_end       0x000000002000023c        0x4 ./system/src/newlib/_startup.o
                0x0000000020000240                . = ALIGN (0x4)
                0x0000000020000240                __bss_end__ = .
                0x0000000020000240                _ebss = .

.noinit_CCMRAM
 *(.noinit.CCMRAM .noinit.CCMRAM.*)

.noinit         0x0000000020000240        0x0
                0x0000000020000240                _noinit = .
 *(.noinit .noinit.*)
                0x0000000020000240                . = ALIGN (0x4)
                0x0000000020000240                _end_noinit = .
                [!provide]                        PROVIDE (end = _end_noinit)
                [!provide]                        PROVIDE (_end = _end_noinit)
                [!provide]                        PROVIDE (__end = _end_noinit)
                [!provide]                        PROVIDE (__end__ = _end_noinit)

._check_stack   0x0000000020000240      0x100
                0x0000000020000340                . = (. + _Minimum_Stack_Size)
 *fill*         0x0000000020000240      0x100 

.b1text
 *(.b1text)
 *(.b1rodata)
 *(.b1rodata.*)

.eb0text
 *(.eb0text)
 *(.eb0rodata)
 *(.eb0rodata.*)

.eb1text
 *(.eb1text)
 *(.eb1rodata)
 *(.eb1rodata.*)

.eb2text
 *(.eb2text)
 *(.eb2rodata)
 *(.eb2rodata.*)

.eb3text
 *(.eb3text)
 *(.eb3rodata)
 *(.eb3rodata.*)

.stab
 *(.stab)

.stabstr
 *(.stabstr)

.stab.excl
 *(.stab.excl)

.stab.exclstr
 *(.stab.exclstr)

.stab.index
 *(.stab.index)

.stab.indexstr
 *(.stab.indexstr)

.comment        0x0000000000000000       0x75
 *(.comment)
 .comment       0x0000000000000000       0x75 ./system/src/stm32f4-hal/stm32f4xx_hal.o
                                         0x76 (size before relaxing)
 .comment       0x0000000000000075       0x76 ./system/src/stm32f4-hal/stm32f4xx_hal_cortex.o
 .comment       0x0000000000000075       0x76 ./system/src/stm32f4-hal/stm32f4xx_hal_gpio.o
 .comment       0x0000000000000075       0x76 ./system/src/stm32f4-hal/stm32f4xx_hal_rcc.o
 .comment       0x0000000000000075       0x76 ./system/src/newlib/_exit.o
 .comment       0x0000000000000075       0x76 ./system/src/newlib/_sbrk.o
 .comment       0x0000000000000075       0x76 ./system/src/newlib/_startup.o
 .comment       0x0000000000000075       0x76 ./system/src/newlib/_syscalls.o
 .comment       0x0000000000000075       0x76 ./system/src/newlib/assert.o
 .comment       0x0000000000000075       0x76 ./system/src/diag/Trace.o
 .comment       0x0000000000000075       0x76 ./system/src/diag/trace_impl.o
 .comment       0x0000000000000075       0x76 ./system/src/cortexm/_initialize_hardware.o
 .comment       0x0000000000000075       0x76 ./system/src/cortexm/exception_handlers.o
 .comment       0x0000000000000075       0x76 ./system/src/cmsis/system_stm32f4xx.o
 .comment       0x0000000000000075       0x76 ./system/src/cmsis/vectors_stm32f407xx.o
 .comment       0x0000000000000075       0x76 ./src/Timer.o
 .comment       0x0000000000000075       0x76 ./src/_initialize_hardware.o
 .comment       0x0000000000000075       0x76 ./src/main.o
 .comment       0x0000000000000075       0x76 ./src/stm32f4xx_hal_msp.o

.ARM.attributes
                0x0000000000000000       0x2c
 .ARM.attributes
                0x0000000000000000       0x2e ./system/src/stm32f4-hal/stm32f4xx_hal.o
 .ARM.attributes
                0x000000000000002e       0x2e ./system/src/stm32f4-hal/stm32f4xx_hal_cortex.o
 .ARM.attributes
                0x000000000000005c       0x2e ./system/src/stm32f4-hal/stm32f4xx_hal_gpio.o
 .ARM.attributes
                0x000000000000008a       0x2e ./system/src/stm32f4-hal/stm32f4xx_hal_rcc.o
 .ARM.attributes
                0x00000000000000b8       0x2e ./system/src/newlib/_exit.o
 .ARM.attributes
                0x00000000000000e6       0x2e ./system/src/newlib/_sbrk.o
 .ARM.attributes
                0x0000000000000114       0x2e ./system/src/newlib/_startup.o
 .ARM.attributes
                0x0000000000000142       0x2e ./system/src/newlib/_syscalls.o
 .ARM.attributes
                0x0000000000000170       0x2e ./system/src/newlib/assert.o
 .ARM.attributes
                0x000000000000019e       0x2e ./system/src/diag/Trace.o
 .ARM.attributes
                0x00000000000001cc       0x2e ./system/src/diag/trace_impl.o
 .ARM.attributes
                0x00000000000001fa       0x2e ./system/src/cortexm/_initialize_hardware.o
 .ARM.attributes
                0x0000000000000228       0x2e ./system/src/cortexm/exception_handlers.o
 .ARM.attributes
                0x0000000000000256       0x2e ./system/src/cmsis/system_stm32f4xx.o
 .ARM.attributes
                0x0000000000000284       0x2e ./system/src/cmsis/vectors_stm32f407xx.o
 .ARM.attributes
                0x00000000000002b2       0x2e ./src/Timer.o
 .ARM.attributes
                0x00000000000002e0       0x2e ./src/_initialize_hardware.o
 .ARM.attributes
                0x000000000000030e       0x2e ./src/main.o
 .ARM.attributes
                0x000000000000033c       0x2e ./src/stm32f4xx_hal_msp.o
 .ARM.attributes
                0x000000000000036a       0x2e /home/saffet/ARMToolchains/gcc-arm-none-eabi-8-2018-q4-major/bin/../lib/gcc/arm-none-eabi/8.2.1/../../../../arm-none-eabi/lib/thumb/v7e-m/nofp/libg_nano.a(lib_a-ctype_.o)
 .ARM.attributes
                0x0000000000000398       0x2e /home/saffet/ARMToolchains/gcc-arm-none-eabi-8-2018-q4-major/bin/../lib/gcc/arm-none-eabi/8.2.1/../../../../arm-none-eabi/lib/thumb/v7e-m/nofp/libg_nano.a(lib_a-errno.o)
 .ARM.attributes
                0x00000000000003c6       0x2e /home/saffet/ARMToolchains/gcc-arm-none-eabi-8-2018-q4-major/bin/../lib/gcc/arm-none-eabi/8.2.1/../../../../arm-none-eabi/lib/thumb/v7e-m/nofp/libg_nano.a(lib_a-findfp.o)
 .ARM.attributes
                0x00000000000003f4       0x2e /home/saffet/ARMToolchains/gcc-arm-none-eabi-8-2018-q4-major/bin/../lib/gcc/arm-none-eabi/8.2.1/../../../../arm-none-eabi/lib/thumb/v7e-m/nofp/libg_nano.a(lib_a-impure.o)
 .ARM.attributes
                0x0000000000000422       0x2e /home/saffet/ARMToolchains/gcc-arm-none-eabi-8-2018-q4-major/bin/../lib/gcc/arm-none-eabi/8.2.1/../../../../arm-none-eabi/lib/thumb/v7e-m/nofp/libg_nano.a(lib_a-lock.o)
 .ARM.attributes
                0x0000000000000450       0x2e /home/saffet/ARMToolchains/gcc-arm-none-eabi-8-2018-q4-major/bin/../lib/gcc/arm-none-eabi/8.2.1/../../../../arm-none-eabi/lib/thumb/v7e-m/nofp/libg_nano.a(lib_a-nano-mallocr.o)
 .ARM.attributes
                0x000000000000047e       0x2e /home/saffet/ARMToolchains/gcc-arm-none-eabi-8-2018-q4-major/bin/../lib/gcc/arm-none-eabi/8.2.1/../../../../arm-none-eabi/lib/thumb/v7e-m/nofp/libg_nano.a(lib_a-sbrkr.o)
 .ARM.attributes
                0x00000000000004ac       0x1c /home/saffet/ARMToolchains/gcc-arm-none-eabi-8-2018-q4-major/bin/../lib/gcc/arm-none-eabi/8.2.1/../../../../arm-none-eabi/lib/thumb/v7e-m/nofp/libg_nano.a(lib_a-strcmp.o)
 .ARM.attributes
                0x00000000000004c8       0x17 /home/saffet/ARMToolchains/gcc-arm-none-eabi-8-2018-q4-major/bin/../lib/gcc/arm-none-eabi/8.2.1/../../../../arm-none-eabi/lib/thumb/v7e-m/nofp/libg_nano.a(lib_a-strlen.o)
 .ARM.attributes
                0x00000000000004df       0x2e /home/saffet/ARMToolchains/gcc-arm-none-eabi-8-2018-q4-major/bin/../lib/gcc/arm-none-eabi/8.2.1/../../../../arm-none-eabi/lib/thumb/v7e-m/nofp/libg_nano.a(lib_a-vsnprintf.o)
 .ARM.attributes
                0x000000000000050d       0x2e /home/saffet/ARMToolchains/gcc-arm-none-eabi-8-2018-q4-major/bin/../lib/gcc/arm-none-eabi/8.2.1/../../../../arm-none-eabi/lib/thumb/v7e-m/nofp/libg_nano.a(lib_a-mlock.o)
 .ARM.attributes
                0x000000000000053b       0x2e /home/saffet/ARMToolchains/gcc-arm-none-eabi-8-2018-q4-major/bin/../lib/gcc/arm-none-eabi/8.2.1/../../../../arm-none-eabi/lib/thumb/v7e-m/nofp/libg_nano.a(lib_a-nano-freer.o)
 .ARM.attributes
                0x0000000000000569       0x2e /home/saffet/ARMToolchains/gcc-arm-none-eabi-8-2018-q4-major/bin/../lib/gcc/arm-none-eabi/8.2.1/../../../../arm-none-eabi/lib/thumb/v7e-m/nofp/libg_nano.a(lib_a-nano-svfprintf.o)
 .ARM.attributes
                0x0000000000000597       0x2e /home/saffet/ARMToolchains/gcc-arm-none-eabi-8-2018-q4-major/bin/../lib/gcc/arm-none-eabi/8.2.1/../../../../arm-none-eabi/lib/thumb/v7e-m/nofp/libg_nano.a(lib_a-nano-vfprintf_i.o)
 .ARM.attributes
                0x00000000000005c5       0x1c /home/saffet/ARMToolchains/gcc-arm-none-eabi-8-2018-q4-major/bin/../lib/gcc/arm-none-eabi/8.2.1/../../../../arm-none-eabi/lib/thumb/v7e-m/nofp/libg_nano.a(lib_a-memchr.o)
 .ARM.attributes
                0x00000000000005e1       0x2e /home/saffet/ARMToolchains/gcc-arm-none-eabi-8-2018-q4-major/bin/../lib/gcc/arm-none-eabi/8.2.1/../../../../arm-none-eabi/lib/thumb/v7e-m/nofp/libg_nano.a(lib_a-memcpy-stub.o)
 .ARM.attributes
                0x000000000000060f       0x2e /home/saffet/ARMToolchains/gcc-arm-none-eabi-8-2018-q4-major/bin/../lib/gcc/arm-none-eabi/8.2.1/../../../../arm-none-eabi/lib/thumb/v7e-m/nofp/libg_nano.a(lib_a-memmove.o)
 .ARM.attributes
                0x000000000000063d       0x2e /home/saffet/ARMToolchains/gcc-arm-none-eabi-8-2018-q4-major/bin/../lib/gcc/arm-none-eabi/8.2.1/../../../../arm-none-eabi/lib/thumb/v7e-m/nofp/libg_nano.a(lib_a-nano-reallocr.o)
 .ARM.attributes
                0x000000000000066b       0x2e /home/saffet/ARMToolchains/gcc-arm-none-eabi-8-2018-q4-major/bin/../lib/gcc/arm-none-eabi/8.2.1/../../../../arm-none-eabi/lib/thumb/v7e-m/nofp/libg_nano.a(lib_a-nano-msizer.o)

.debug
 *(.debug)

.line
 *(.line)

.debug_srcinfo
 *(.debug_srcinfo)

.debug_sfnames
 *(.debug_sfnames)

.debug_aranges  0x0000000000000000      0x630
 *(.debug_aranges)
 .debug_aranges
                0x0000000000000000       0xc0 ./system/src/stm32f4-hal/stm32f4xx_hal.o
 .debug_aranges
                0x00000000000000c0       0x98 ./system/src/stm32f4-hal/stm32f4xx_hal_cortex.o
 .debug_aranges
                0x0000000000000158       0x58 ./system/src/stm32f4-hal/stm32f4xx_hal_gpio.o
 .debug_aranges
                0x00000000000001b0       0x88 ./system/src/stm32f4-hal/stm32f4xx_hal_rcc.o
 .debug_aranges
                0x0000000000000238       0x28 ./system/src/newlib/_exit.o
 .debug_aranges
                0x0000000000000260       0x20 ./system/src/newlib/_sbrk.o
 .debug_aranges
                0x0000000000000280       0x40 ./system/src/newlib/_startup.o
 .debug_aranges
                0x00000000000002c0      0x120 ./system/src/newlib/_syscalls.o
 .debug_aranges
                0x00000000000003e0       0x28 ./system/src/newlib/assert.o
 .debug_aranges
                0x0000000000000408       0x38 ./system/src/diag/Trace.o
 .debug_aranges
                0x0000000000000440       0x30 ./system/src/diag/trace_impl.o
 .debug_aranges
                0x0000000000000470       0x28 ./system/src/cortexm/_initialize_hardware.o
 .debug_aranges
                0x0000000000000498       0x90 ./system/src/cortexm/exception_handlers.o
 .debug_aranges
                0x0000000000000528       0x28 ./system/src/cmsis/system_stm32f4xx.o
 .debug_aranges
                0x0000000000000550       0x20 ./system/src/cmsis/vectors_stm32f407xx.o
 .debug_aranges
                0x0000000000000570       0x38 ./src/Timer.o
 .debug_aranges
                0x00000000000005a8       0x28 ./src/_initialize_hardware.o
 .debug_aranges
                0x00000000000005d0       0x28 ./src/main.o
 .debug_aranges
                0x00000000000005f8       0x38 ./src/stm32f4xx_hal_msp.o

.debug_pubnames
 *(.debug_pubnames)

.debug_info     0x0000000000000000    0x11dfe
 *(.debug_info .gnu.linkonce.wi.*)
 .debug_info    0x0000000000000000     0x1214 ./system/src/stm32f4-hal/stm32f4xx_hal.o
 .debug_info    0x0000000000001214     0x1b6b ./system/src/stm32f4-hal/stm32f4xx_hal_cortex.o
 .debug_info    0x0000000000002d7f     0x1209 ./system/src/stm32f4-hal/stm32f4xx_hal_gpio.o
 .debug_info    0x0000000000003f88     0x19db ./system/src/stm32f4-hal/stm32f4xx_hal_rcc.o
 .debug_info    0x0000000000005963      0x9e7 ./system/src/newlib/_exit.o
 .debug_info    0x000000000000634a      0x9d4 ./system/src/newlib/_sbrk.o
 .debug_info    0x0000000000006d1e      0x59d ./system/src/newlib/_startup.o
 .debug_info    0x00000000000072bb     0x2486 ./system/src/newlib/_syscalls.o
 .debug_info    0x0000000000009741      0xac2 ./system/src/newlib/assert.o
 .debug_info    0x000000000000a203      0xbdb ./system/src/diag/Trace.o
 .debug_info    0x000000000000adde      0xc5e ./system/src/diag/trace_impl.o
 .debug_info    0x000000000000ba3c      0xba3 ./system/src/cortexm/_initialize_hardware.o
 .debug_info    0x000000000000c5df     0x138e ./system/src/cortexm/exception_handlers.o
 .debug_info    0x000000000000d96d      0xdd1 ./system/src/cmsis/system_stm32f4xx.o
 .debug_info    0x000000000000e73e       0xce ./system/src/cmsis/vectors_stm32f407xx.o
 .debug_info    0x000000000000e80c     0x103d ./src/Timer.o
 .debug_info    0x000000000000f849      0xdfa ./src/_initialize_hardware.o
 .debug_info    0x0000000000010643      0xe0c ./src/main.o
 .debug_info    0x000000000001144f      0x9af ./src/stm32f4xx_hal_msp.o

.debug_abbrev   0x0000000000000000     0x34d2
 *(.debug_abbrev)
 .debug_abbrev  0x0000000000000000      0x384 ./system/src/stm32f4-hal/stm32f4xx_hal.o
 .debug_abbrev  0x0000000000000384      0x479 ./system/src/stm32f4-hal/stm32f4xx_hal_cortex.o
 .debug_abbrev  0x00000000000007fd      0x32f ./system/src/stm32f4-hal/stm32f4xx_hal_gpio.o
 .debug_abbrev  0x0000000000000b2c      0x404 ./system/src/stm32f4-hal/stm32f4xx_hal_rcc.o
 .debug_abbrev  0x0000000000000f30      0x222 ./system/src/newlib/_exit.o
 .debug_abbrev  0x0000000000001152      0x232 ./system/src/newlib/_sbrk.o
 .debug_abbrev  0x0000000000001384      0x203 ./system/src/newlib/_startup.o
 .debug_abbrev  0x0000000000001587      0x4ae ./system/src/newlib/_syscalls.o
 .debug_abbrev  0x0000000000001a35      0x222 ./system/src/newlib/assert.o
 .debug_abbrev  0x0000000000001c57      0x2c6 ./system/src/diag/Trace.o
 .debug_abbrev  0x0000000000001f1d      0x34e ./system/src/diag/trace_impl.o
 .debug_abbrev  0x000000000000226b      0x20a ./system/src/cortexm/_initialize_hardware.o
 .debug_abbrev  0x0000000000002475      0x3b1 ./system/src/cortexm/exception_handlers.o
 .debug_abbrev  0x0000000000002826      0x250 ./system/src/cmsis/system_stm32f4xx.o
 .debug_abbrev  0x0000000000002a76       0xa5 ./system/src/cmsis/vectors_stm32f407xx.o
 .debug_abbrev  0x0000000000002b1b      0x301 ./src/Timer.o
 .debug_abbrev  0x0000000000002e1c      0x25d ./src/_initialize_hardware.o
 .debug_abbrev  0x0000000000003079      0x280 ./src/main.o
 .debug_abbrev  0x00000000000032f9      0x1d9 ./src/stm32f4xx_hal_msp.o

.debug_line     0x0000000000000000     0xc890
 *(.debug_line)
 .debug_line    0x0000000000000000      0xcf8 ./system/src/stm32f4-hal/stm32f4xx_hal.o
 .debug_line    0x0000000000000cf8     0x102e ./system/src/stm32f4-hal/stm32f4xx_hal_cortex.o
 .debug_line    0x0000000000001d26     0x10c6 ./system/src/stm32f4-hal/stm32f4xx_hal_gpio.o
 .debug_line    0x0000000000002dec     0x15ab ./system/src/stm32f4-hal/stm32f4xx_hal_rcc.o
 .debug_line    0x0000000000004397      0x37e ./system/src/newlib/_exit.o
 .debug_line    0x0000000000004715      0x36f ./system/src/newlib/_sbrk.o
 .debug_line    0x0000000000004a84      0x5f1 ./system/src/newlib/_startup.o
 .debug_line    0x0000000000005075     0x111e ./system/src/newlib/_syscalls.o
 .debug_line    0x0000000000006193      0x3ca ./system/src/newlib/assert.o
 .debug_line    0x000000000000655d      0x45a ./system/src/diag/Trace.o
 .debug_line    0x00000000000069b7      0xbae ./system/src/diag/trace_impl.o
 .debug_line    0x0000000000007565      0xaaa ./system/src/cortexm/_initialize_hardware.o
 .debug_line    0x000000000000800f      0xed0 ./system/src/cortexm/exception_handlers.o
 .debug_line    0x0000000000008edf      0xb6d ./system/src/cmsis/system_stm32f4xx.o
 .debug_line    0x0000000000009a4c      0x269 ./system/src/cmsis/vectors_stm32f407xx.o
 .debug_line    0x0000000000009cb5      0xb69 ./src/Timer.o
 .debug_line    0x000000000000a81e      0xb09 ./src/_initialize_hardware.o
 .debug_line    0x000000000000b327      0xace ./src/main.o
 .debug_line    0x000000000000bdf5      0xa9b ./src/stm32f4xx_hal_msp.o

.debug_frame    0x0000000000000000     0x133c
 *(.debug_frame)
 .debug_frame   0x0000000000000000      0x188 ./system/src/stm32f4-hal/stm32f4xx_hal.o
 .debug_frame   0x0000000000000188      0x17c ./system/src/stm32f4-hal/stm32f4xx_hal_cortex.o
 .debug_frame   0x0000000000000304       0xfc ./system/src/stm32f4-hal/stm32f4xx_hal_gpio.o
 .debug_frame   0x0000000000000400      0x13c ./system/src/stm32f4-hal/stm32f4xx_hal_rcc.o
 .debug_frame   0x000000000000053c       0x38 ./system/src/newlib/_exit.o
 .debug_frame   0x0000000000000574       0x28 ./system/src/newlib/_sbrk.o
 .debug_frame   0x000000000000059c       0x7c ./system/src/newlib/_startup.o
 .debug_frame   0x0000000000000618      0x3d4 ./system/src/newlib/_syscalls.o
 .debug_frame   0x00000000000009ec       0x40 ./system/src/newlib/assert.o
 .debug_frame   0x0000000000000a2c       0x94 ./system/src/diag/Trace.o
 .debug_frame   0x0000000000000ac0       0x64 ./system/src/diag/trace_impl.o
 .debug_frame   0x0000000000000b24       0x40 ./system/src/cortexm/_initialize_hardware.o
 .debug_frame   0x0000000000000b64      0x164 ./system/src/cortexm/exception_handlers.o
 .debug_frame   0x0000000000000cc8       0x30 ./system/src/cmsis/system_stm32f4xx.o
 .debug_frame   0x0000000000000cf8       0x20 ./system/src/cmsis/vectors_stm32f407xx.o
 .debug_frame   0x0000000000000d18       0x58 ./src/Timer.o
 .debug_frame   0x0000000000000d70       0x48 ./src/_initialize_hardware.o
 .debug_frame   0x0000000000000db8       0x4c ./src/main.o
 .debug_frame   0x0000000000000e04       0x50 ./src/stm32f4xx_hal_msp.o
 .debug_frame   0x0000000000000e54       0x20 /home/saffet/ARMToolchains/gcc-arm-none-eabi-8-2018-q4-major/bin/../lib/gcc/arm-none-eabi/8.2.1/../../../../arm-none-eabi/lib/thumb/v7e-m/nofp/libg_nano.a(lib_a-errno.o)
 .debug_frame   0x0000000000000e74      0x14c /home/saffet/ARMToolchains/gcc-arm-none-eabi-8-2018-q4-major/bin/../lib/gcc/arm-none-eabi/8.2.1/../../../../arm-none-eabi/lib/thumb/v7e-m/nofp/libg_nano.a(lib_a-findfp.o)
 .debug_frame   0x0000000000000fc0       0xb0 /home/saffet/ARMToolchains/gcc-arm-none-eabi-8-2018-q4-major/bin/../lib/gcc/arm-none-eabi/8.2.1/../../../../arm-none-eabi/lib/thumb/v7e-m/nofp/libg_nano.a(lib_a-lock.o)
 .debug_frame   0x0000000000001070       0x30 /home/saffet/ARMToolchains/gcc-arm-none-eabi-8-2018-q4-major/bin/../lib/gcc/arm-none-eabi/8.2.1/../../../../arm-none-eabi/lib/thumb/v7e-m/nofp/libg_nano.a(lib_a-nano-mallocr.o)
 .debug_frame   0x00000000000010a0       0x2c /home/saffet/ARMToolchains/gcc-arm-none-eabi-8-2018-q4-major/bin/../lib/gcc/arm-none-eabi/8.2.1/../../../../arm-none-eabi/lib/thumb/v7e-m/nofp/libg_nano.a(lib_a-sbrkr.o)
 .debug_frame   0x00000000000010cc       0x20 /home/saffet/ARMToolchains/gcc-arm-none-eabi-8-2018-q4-major/bin/../lib/gcc/arm-none-eabi/8.2.1/../../../../arm-none-eabi/lib/thumb/v7e-m/nofp/libg_nano.a(lib_a-strcmp.o)
 .debug_frame   0x00000000000010ec       0x4c /home/saffet/ARMToolchains/gcc-arm-none-eabi-8-2018-q4-major/bin/../lib/gcc/arm-none-eabi/8.2.1/../../../../arm-none-eabi/lib/thumb/v7e-m/nofp/libg_nano.a(lib_a-vsnprintf.o)
 .debug_frame   0x0000000000001138       0x30 /home/saffet/ARMToolchains/gcc-arm-none-eabi-8-2018-q4-major/bin/../lib/gcc/arm-none-eabi/8.2.1/../../../../arm-none-eabi/lib/thumb/v7e-m/nofp/libg_nano.a(lib_a-mlock.o)
 .debug_frame   0x0000000000001168       0x38 /home/saffet/ARMToolchains/gcc-arm-none-eabi-8-2018-q4-major/bin/../lib/gcc/arm-none-eabi/8.2.1/../../../../arm-none-eabi/lib/thumb/v7e-m/nofp/libg_nano.a(lib_a-nano-freer.o)
 .debug_frame   0x00000000000011a0       0x90 /home/saffet/ARMToolchains/gcc-arm-none-eabi-8-2018-q4-major/bin/../lib/gcc/arm-none-eabi/8.2.1/../../../../arm-none-eabi/lib/thumb/v7e-m/nofp/libg_nano.a(lib_a-nano-svfprintf.o)
 .debug_frame   0x0000000000001230       0x60 /home/saffet/ARMToolchains/gcc-arm-none-eabi-8-2018-q4-major/bin/../lib/gcc/arm-none-eabi/8.2.1/../../../../arm-none-eabi/lib/thumb/v7e-m/nofp/libg_nano.a(lib_a-nano-vfprintf_i.o)
 .debug_frame   0x0000000000001290       0x28 /home/saffet/ARMToolchains/gcc-arm-none-eabi-8-2018-q4-major/bin/../lib/gcc/arm-none-eabi/8.2.1/../../../../arm-none-eabi/lib/thumb/v7e-m/nofp/libg_nano.a(lib_a-memcpy-stub.o)
 .debug_frame   0x00000000000012b8       0x28 /home/saffet/ARMToolchains/gcc-arm-none-eabi-8-2018-q4-major/bin/../lib/gcc/arm-none-eabi/8.2.1/../../../../arm-none-eabi/lib/thumb/v7e-m/nofp/libg_nano.a(lib_a-memmove.o)
 .debug_frame   0x00000000000012e0       0x3c /home/saffet/ARMToolchains/gcc-arm-none-eabi-8-2018-q4-major/bin/../lib/gcc/arm-none-eabi/8.2.1/../../../../arm-none-eabi/lib/thumb/v7e-m/nofp/libg_nano.a(lib_a-nano-reallocr.o)
 .debug_frame   0x000000000000131c       0x20 /home/saffet/ARMToolchains/gcc-arm-none-eabi-8-2018-q4-major/bin/../lib/gcc/arm-none-eabi/8.2.1/../../../../arm-none-eabi/lib/thumb/v7e-m/nofp/libg_nano.a(lib_a-nano-msizer.o)

.debug_str      0x0000000000000000    0x9c582
 *(.debug_str)
 .debug_str     0x0000000000000000    0x97bde ./system/src/stm32f4-hal/stm32f4xx_hal.o
                                      0x97fef (size before relaxing)
 .debug_str     0x0000000000097bde      0x39a ./system/src/stm32f4-hal/stm32f4xx_hal_cortex.o
                                      0x97e80 (size before relaxing)
 .debug_str     0x0000000000097f78      0x2dd ./system/src/stm32f4-hal/stm32f4xx_hal_gpio.o
                                      0x97891 (size before relaxing)
 .debug_str     0x0000000000098255      0x393 ./system/src/stm32f4-hal/stm32f4xx_hal_rcc.o
                                      0x97a1f (size before relaxing)
 .debug_str     0x00000000000985e8     0x10fa ./system/src/newlib/_exit.o
                                       0x7ea6 (size before relaxing)
 .debug_str     0x00000000000996e2      0x4f5 ./system/src/newlib/_sbrk.o
                                       0x7258 (size before relaxing)
 .debug_str     0x0000000000099bd7      0x2c6 ./system/src/newlib/_startup.o
                                       0x69a0 (size before relaxing)
 .debug_str     0x0000000000099e9d     0x2052 ./system/src/newlib/_syscalls.o
                                       0xb3c6 (size before relaxing)
 .debug_str     0x000000000009beef       0xd0 ./system/src/newlib/assert.o
                                       0x895c (size before relaxing)
 .debug_str     0x000000000009bfbf      0x156 ./system/src/diag/Trace.o
                                       0x861e (size before relaxing)
 .debug_str     0x000000000009c115       0xa2 ./system/src/diag/trace_impl.o
                                      0x98799 (size before relaxing)
 .debug_str     0x000000000009c1b7       0x5e ./system/src/cortexm/_initialize_hardware.o
                                      0x97535 (size before relaxing)
 .debug_str     0x000000000009c215      0x1dc ./system/src/cortexm/exception_handlers.o
                                      0x98994 (size before relaxing)
 .debug_str     0x000000000009c3f1       0x46 ./system/src/cmsis/system_stm32f4xx.o
                                      0x97604 (size before relaxing)
 .debug_str     0x000000000009c437       0x59 ./system/src/cmsis/vectors_stm32f407xx.o
                                       0x3d8a (size before relaxing)
 .debug_str     0x000000000009c490       0x76 ./src/Timer.o
                                      0x97b24 (size before relaxing)
 .debug_str     0x000000000009c506       0x31 ./src/_initialize_hardware.o
                                      0x9771a (size before relaxing)
 .debug_str     0x000000000009c537        0xe ./src/main.o
                                      0x9761d (size before relaxing)
 .debug_str     0x000000000009c545       0x3d ./src/stm32f4xx_hal_msp.o
                                      0x97473 (size before relaxing)

.debug_loc      0x0000000000000000     0x3c77
 *(.debug_loc)
 .debug_loc     0x0000000000000000       0xdb ./system/src/stm32f4-hal/stm32f4xx_hal.o
 .debug_loc     0x00000000000000db      0x8cf ./system/src/stm32f4-hal/stm32f4xx_hal_cortex.o
 .debug_loc     0x00000000000009aa      0x683 ./system/src/stm32f4-hal/stm32f4xx_hal_gpio.o
 .debug_loc     0x000000000000102d      0x7a1 ./system/src/stm32f4-hal/stm32f4xx_hal_rcc.o
 .debug_loc     0x00000000000017ce       0x15 ./system/src/newlib/_exit.o
 .debug_loc     0x00000000000017e3       0x97 ./system/src/newlib/_sbrk.o
 .debug_loc     0x000000000000187a      0x465 ./system/src/newlib/_startup.o
 .debug_loc     0x0000000000001cdf     0x148c ./system/src/newlib/_syscalls.o
 .debug_loc     0x000000000000316b      0x160 ./system/src/newlib/assert.o
 .debug_loc     0x00000000000032cb      0x118 ./system/src/diag/Trace.o
 .debug_loc     0x00000000000033e3      0x1a1 ./system/src/diag/trace_impl.o
 .debug_loc     0x0000000000003584      0x524 ./system/src/cortexm/exception_handlers.o
 .debug_loc     0x0000000000003aa8      0x16c ./system/src/cmsis/system_stm32f4xx.o
 .debug_loc     0x0000000000003c14       0x63 ./src/Timer.o

.debug_macinfo
 *(.debug_macinfo)

.debug_weaknames
 *(.debug_weaknames)

.debug_funcnames
 *(.debug_funcnames)

.debug_typenames
 *(.debug_typenames)

.debug_varnames
 *(.debug_varnames)
OUTPUT(GPIO_INPUT.elf elf32-littlearm)

.debug_ranges   0x0000000000000000      0x5d8
 .debug_ranges  0x0000000000000000       0xb0 ./system/src/stm32f4-hal/stm32f4xx_hal.o
 .debug_ranges  0x00000000000000b0       0xe8 ./system/src/stm32f4-hal/stm32f4xx_hal_cortex.o
 .debug_ranges  0x0000000000000198       0x48 ./system/src/stm32f4-hal/stm32f4xx_hal_gpio.o
 .debug_ranges  0x00000000000001e0       0x78 ./system/src/stm32f4-hal/stm32f4xx_hal_rcc.o
 .debug_ranges  0x0000000000000258       0x18 ./system/src/newlib/_exit.o
 .debug_ranges  0x0000000000000270       0x10 ./system/src/newlib/_sbrk.o
 .debug_ranges  0x0000000000000280       0x78 ./system/src/newlib/_startup.o
 .debug_ranges  0x00000000000002f8      0x128 ./system/src/newlib/_syscalls.o
 .debug_ranges  0x0000000000000420       0x18 ./system/src/newlib/assert.o
 .debug_ranges  0x0000000000000438       0x28 ./system/src/diag/Trace.o
 .debug_ranges  0x0000000000000460       0x38 ./system/src/diag/trace_impl.o
 .debug_ranges  0x0000000000000498       0x18 ./system/src/cortexm/_initialize_hardware.o
 .debug_ranges  0x00000000000004b0       0x80 ./system/src/cortexm/exception_handlers.o
 .debug_ranges  0x0000000000000530       0x18 ./system/src/cmsis/system_stm32f4xx.o
 .debug_ranges  0x0000000000000548       0x10 ./system/src/cmsis/vectors_stm32f407xx.o
 .debug_ranges  0x0000000000000558       0x28 ./src/Timer.o
 .debug_ranges  0x0000000000000580       0x18 ./src/_initialize_hardware.o
 .debug_ranges  0x0000000000000598       0x18 ./src/main.o
 .debug_ranges  0x00000000000005b0       0x28 ./src/stm32f4xx_hal_msp.o

.debug_macro    0x0000000000000000    0x1cb1e
 .debug_macro   0x0000000000000000      0x56d ./system/src/stm32f4-hal/stm32f4xx_hal.o
 .debug_macro   0x000000000000056d      0xaa8 ./system/src/stm32f4-hal/stm32f4xx_hal.o
 .debug_macro   0x0000000000001015      0x289 ./system/src/stm32f4-hal/stm32f4xx_hal.o
 .debug_macro   0x000000000000129e       0x31 ./system/src/stm32f4-hal/stm32f4xx_hal.o
 .debug_macro   0x00000000000012cf       0x28 ./system/src/stm32f4-hal/stm32f4xx_hal.o
 .debug_macro   0x00000000000012f7       0x22 ./system/src/stm32f4-hal/stm32f4xx_hal.o
 .debug_macro   0x0000000000001319       0x8e ./system/src/stm32f4-hal/stm32f4xx_hal.o
 .debug_macro   0x00000000000013a7       0x51 ./system/src/stm32f4-hal/stm32f4xx_hal.o
 .debug_macro   0x00000000000013f8       0xef ./system/src/stm32f4-hal/stm32f4xx_hal.o
 .debug_macro   0x00000000000014e7       0x6a ./system/src/stm32f4-hal/stm32f4xx_hal.o
 .debug_macro   0x0000000000001551      0x1df ./system/src/stm32f4-hal/stm32f4xx_hal.o
 .debug_macro   0x0000000000001730       0x35 ./system/src/stm32f4-hal/stm32f4xx_hal.o
 .debug_macro   0x0000000000001765       0x50 ./system/src/stm32f4-hal/stm32f4xx_hal.o
 .debug_macro   0x00000000000017b5      0xe66 ./system/src/stm32f4-hal/stm32f4xx_hal.o
 .debug_macro   0x000000000000261b     0x93f9 ./system/src/stm32f4-hal/stm32f4xx_hal.o
 .debug_macro   0x000000000000ba14       0x43 ./system/src/stm32f4-hal/stm32f4xx_hal.o
 .debug_macro   0x000000000000ba57     0x347f ./system/src/stm32f4-hal/stm32f4xx_hal.o
 .debug_macro   0x000000000000eed6       0x5e ./system/src/stm32f4-hal/stm32f4xx_hal.o
 .debug_macro   0x000000000000ef34       0x18 ./system/src/stm32f4-hal/stm32f4xx_hal.o
 .debug_macro   0x000000000000ef4c       0x35 ./system/src/stm32f4-hal/stm32f4xx_hal.o
 .debug_macro   0x000000000000ef81       0x34 ./system/src/stm32f4-hal/stm32f4xx_hal.o
 .debug_macro   0x000000000000efb5       0x16 ./system/src/stm32f4-hal/stm32f4xx_hal.o
 .debug_macro   0x000000000000efcb       0x97 ./system/src/stm32f4-hal/stm32f4xx_hal.o
 .debug_macro   0x000000000000f062      0x339 ./system/src/stm32f4-hal/stm32f4xx_hal.o
 .debug_macro   0x000000000000f39b       0xfd ./system/src/stm32f4-hal/stm32f4xx_hal.o
 .debug_macro   0x000000000000f498       0x10 ./system/src/stm32f4-hal/stm32f4xx_hal.o
 .debug_macro   0x000000000000f4a8       0x58 ./system/src/stm32f4-hal/stm32f4xx_hal.o
 .debug_macro   0x000000000000f500       0x1f ./system/src/stm32f4-hal/stm32f4xx_hal.o
 .debug_macro   0x000000000000f51f       0x43 ./system/src/stm32f4-hal/stm32f4xx_hal.o
 .debug_macro   0x000000000000f562       0x20 ./system/src/stm32f4-hal/stm32f4xx_hal.o
 .debug_macro   0x000000000000f582      0x18e ./system/src/stm32f4-hal/stm32f4xx_hal.o
 .debug_macro   0x000000000000f710       0x10 ./system/src/stm32f4-hal/stm32f4xx_hal.o
 .debug_macro   0x000000000000f720       0x1c ./system/src/stm32f4-hal/stm32f4xx_hal.o
 .debug_macro   0x000000000000f73c       0x52 ./system/src/stm32f4-hal/stm32f4xx_hal.o
 .debug_macro   0x000000000000f78e       0x40 ./system/src/stm32f4-hal/stm32f4xx_hal.o
 .debug_macro   0x000000000000f7ce       0x10 ./system/src/stm32f4-hal/stm32f4xx_hal.o
 .debug_macro   0x000000000000f7de       0x40 ./system/src/stm32f4-hal/stm32f4xx_hal.o
 .debug_macro   0x000000000000f81e       0xd7 ./system/src/stm32f4-hal/stm32f4xx_hal.o
 .debug_macro   0x000000000000f8f5       0x1c ./system/src/stm32f4-hal/stm32f4xx_hal.o
 .debug_macro   0x000000000000f911       0x3d ./system/src/stm32f4-hal/stm32f4xx_hal.o
 .debug_macro   0x000000000000f94e       0x16 ./system/src/stm32f4-hal/stm32f4xx_hal.o
 .debug_macro   0x000000000000f964      0x16f ./system/src/stm32f4-hal/stm32f4xx_hal.o
 .debug_macro   0x000000000000fad3       0x57 ./system/src/stm32f4-hal/stm32f4xx_hal.o
 .debug_macro   0x000000000000fb2a      0x964 ./system/src/stm32f4-hal/stm32f4xx_hal.o
 .debug_macro   0x000000000001048e      0x9e1 ./system/src/stm32f4-hal/stm32f4xx_hal.o
 .debug_macro   0x0000000000010e6f      0x11e ./system/src/stm32f4-hal/stm32f4xx_hal.o
 .debug_macro   0x0000000000010f8d      0x13e ./system/src/stm32f4-hal/stm32f4xx_hal.o
 .debug_macro   0x00000000000110cb       0x27 ./system/src/stm32f4-hal/stm32f4xx_hal.o
 .debug_macro   0x00000000000110f2      0x287 ./system/src/stm32f4-hal/stm32f4xx_hal.o
 .debug_macro   0x0000000000011379       0x5f ./system/src/stm32f4-hal/stm32f4xx_hal.o
 .debug_macro   0x00000000000113d8      0x23a ./system/src/stm32f4-hal/stm32f4xx_hal.o
 .debug_macro   0x0000000000011612      0x391 ./system/src/stm32f4-hal/stm32f4xx_hal.o
 .debug_macro   0x00000000000119a3      0x16f ./system/src/stm32f4-hal/stm32f4xx_hal.o
 .debug_macro   0x0000000000011b12       0xf9 ./system/src/stm32f4-hal/stm32f4xx_hal.o
 .debug_macro   0x0000000000011c0b      0x36e ./system/src/stm32f4-hal/stm32f4xx_hal.o
 .debug_macro   0x0000000000011f79       0x23 ./system/src/stm32f4-hal/stm32f4xx_hal.o
 .debug_macro   0x0000000000011f9c       0xe6 ./system/src/stm32f4-hal/stm32f4xx_hal.o
 .debug_macro   0x0000000000012082       0xa1 ./system/src/stm32f4-hal/stm32f4xx_hal.o
 .debug_macro   0x0000000000012123       0x3c ./system/src/stm32f4-hal/stm32f4xx_hal.o
 .debug_macro   0x000000000001215f       0x1f ./system/src/stm32f4-hal/stm32f4xx_hal.o
 .debug_macro   0x000000000001217e      0x1cd ./system/src/stm32f4-hal/stm32f4xx_hal.o
 .debug_macro   0x000000000001234b      0xcd6 ./system/src/stm32f4-hal/stm32f4xx_hal.o
 .debug_macro   0x0000000000013021      0x13a ./system/src/stm32f4-hal/stm32f4xx_hal.o
 .debug_macro   0x000000000001315b      0x21e ./system/src/stm32f4-hal/stm32f4xx_hal.o
 .debug_macro   0x0000000000013379       0x2e ./system/src/stm32f4-hal/stm32f4xx_hal.o
 .debug_macro   0x00000000000133a7      0x543 ./system/src/stm32f4-hal/stm32f4xx_hal.o
 .debug_macro   0x00000000000138ea       0x88 ./system/src/stm32f4-hal/stm32f4xx_hal.o
 .debug_macro   0x0000000000013972       0xd5 ./system/src/stm32f4-hal/stm32f4xx_hal.o
 .debug_macro   0x0000000000013a47      0x183 ./system/src/stm32f4-hal/stm32f4xx_hal.o
 .debug_macro   0x0000000000013bca      0x1a7 ./system/src/stm32f4-hal/stm32f4xx_hal.o
 .debug_macro   0x0000000000013d71       0xa5 ./system/src/stm32f4-hal/stm32f4xx_hal.o
 .debug_macro   0x0000000000013e16      0x18b ./system/src/stm32f4-hal/stm32f4xx_hal.o
 .debug_macro   0x0000000000013fa1       0x24 ./system/src/stm32f4-hal/stm32f4xx_hal.o
 .debug_macro   0x0000000000013fc5       0x35 ./system/src/stm32f4-hal/stm32f4xx_hal.o
 .debug_macro   0x0000000000013ffa       0x79 ./system/src/stm32f4-hal/stm32f4xx_hal.o
 .debug_macro   0x0000000000014073      0x11e ./system/src/stm32f4-hal/stm32f4xx_hal.o
 .debug_macro   0x0000000000014191       0x7f ./system/src/stm32f4-hal/stm32f4xx_hal.o
 .debug_macro   0x0000000000014210       0x89 ./system/src/stm32f4-hal/stm32f4xx_hal.o
 .debug_macro   0x0000000000014299       0x7e ./system/src/stm32f4-hal/stm32f4xx_hal.o
 .debug_macro   0x0000000000014317      0x31a ./system/src/stm32f4-hal/stm32f4xx_hal.o
 .debug_macro   0x0000000000014631      0x409 ./system/src/stm32f4-hal/stm32f4xx_hal.o
 .debug_macro   0x0000000000014a3a       0xe4 ./system/src/stm32f4-hal/stm32f4xx_hal.o
 .debug_macro   0x0000000000014b1e      0x48d ./system/src/stm32f4-hal/stm32f4xx_hal.o
 .debug_macro   0x0000000000014fab      0x22b ./system/src/stm32f4-hal/stm32f4xx_hal.o
 .debug_macro   0x00000000000151d6      0x202 ./system/src/stm32f4-hal/stm32f4xx_hal.o
 .debug_macro   0x00000000000153d8      0x6d9 ./system/src/stm32f4-hal/stm32f4xx_hal.o
 .debug_macro   0x0000000000015ab1       0x5b ./system/src/stm32f4-hal/stm32f4xx_hal.o
 .debug_macro   0x0000000000015b0c      0x14d ./system/src/stm32f4-hal/stm32f4xx_hal.o
 .debug_macro   0x0000000000015c59      0x287 ./system/src/stm32f4-hal/stm32f4xx_hal.o
 .debug_macro   0x0000000000015ee0      0x225 ./system/src/stm32f4-hal/stm32f4xx_hal.o
 .debug_macro   0x0000000000016105      0x1b5 ./system/src/stm32f4-hal/stm32f4xx_hal.o
 .debug_macro   0x00000000000162ba      0x2db ./system/src/stm32f4-hal/stm32f4xx_hal.o
 .debug_macro   0x0000000000016595       0x89 ./system/src/stm32f4-hal/stm32f4xx_hal.o
 .debug_macro   0x000000000001661e      0x1df ./system/src/stm32f4-hal/stm32f4xx_hal.o
 .debug_macro   0x00000000000167fd      0x115 ./system/src/stm32f4-hal/stm32f4xx_hal.o
 .debug_macro   0x0000000000016912       0x6e ./system/src/stm32f4-hal/stm32f4xx_hal.o
 .debug_macro   0x0000000000016980      0x125 ./system/src/stm32f4-hal/stm32f4xx_hal.o
 .debug_macro   0x0000000000016aa5      0x51f ./system/src/stm32f4-hal/stm32f4xx_hal_cortex.o
 .debug_macro   0x0000000000016fc4      0x557 ./system/src/stm32f4-hal/stm32f4xx_hal_gpio.o
 .debug_macro   0x000000000001751b      0x549 ./system/src/stm32f4-hal/stm32f4xx_hal_rcc.o
 .debug_macro   0x0000000000017a64      0x1b4 ./system/src/newlib/_exit.o
 .debug_macro   0x0000000000017c18      0x10e ./system/src/newlib/_exit.o
 .debug_macro   0x0000000000017d26       0x8d ./system/src/newlib/_exit.o
 .debug_macro   0x0000000000017db3       0x35 ./system/src/newlib/_exit.o
 .debug_macro   0x0000000000017de8      0x169 ./system/src/newlib/_sbrk.o
 .debug_macro   0x0000000000017f51      0x174 ./system/src/newlib/_sbrk.o
 .debug_macro   0x00000000000180c5       0x10 ./system/src/newlib/_sbrk.o
 .debug_macro   0x00000000000180d5      0x23b ./system/src/newlib/_sbrk.o
 .debug_macro   0x0000000000018310      0x188 ./system/src/newlib/_startup.o
 .debug_macro   0x0000000000018498      0xaae ./system/src/newlib/_startup.o
 .debug_macro   0x0000000000018f46      0x2e3 ./system/src/newlib/_syscalls.o
 .debug_macro   0x0000000000019229       0x10 ./system/src/newlib/_syscalls.o
 .debug_macro   0x0000000000019239       0x10 ./system/src/newlib/_syscalls.o
 .debug_macro   0x0000000000019249       0x10 ./system/src/newlib/_syscalls.o
 .debug_macro   0x0000000000019259       0x35 ./system/src/newlib/_syscalls.o
 .debug_macro   0x000000000001928e      0x122 ./system/src/newlib/_syscalls.o
 .debug_macro   0x00000000000193b0      0x22a ./system/src/newlib/_syscalls.o
 .debug_macro   0x00000000000195da       0x10 ./system/src/newlib/_syscalls.o
 .debug_macro   0x00000000000195ea       0x1c ./system/src/newlib/_syscalls.o
 .debug_macro   0x0000000000019606       0x10 ./system/src/newlib/_syscalls.o
 .debug_macro   0x0000000000019616       0x16 ./system/src/newlib/_syscalls.o
 .debug_macro   0x000000000001962c       0x88 ./system/src/newlib/_syscalls.o
 .debug_macro   0x00000000000196b4      0x241 ./system/src/newlib/_syscalls.o
 .debug_macro   0x00000000000198f5       0x16 ./system/src/newlib/_syscalls.o
 .debug_macro   0x000000000001990b       0x3a ./system/src/newlib/_syscalls.o
 .debug_macro   0x0000000000019945      0x11f ./system/src/newlib/_syscalls.o
 .debug_macro   0x0000000000019a64      0x189 ./system/src/newlib/_syscalls.o
 .debug_macro   0x0000000000019bed       0x16 ./system/src/newlib/_syscalls.o
 .debug_macro   0x0000000000019c03       0x22 ./system/src/newlib/_syscalls.o
 .debug_macro   0x0000000000019c25      0x1df ./system/src/newlib/assert.o
 .debug_macro   0x0000000000019e04       0x1c ./system/src/newlib/assert.o
 .debug_macro   0x0000000000019e20      0x1fb ./system/src/diag/Trace.o
 .debug_macro   0x000000000001a01b       0x4c ./system/src/diag/Trace.o
 .debug_macro   0x000000000001a067      0x565 ./system/src/diag/trace_impl.o
 .debug_macro   0x000000000001a5cc      0x529 ./system/src/cortexm/_initialize_hardware.o
 .debug_macro   0x000000000001aaf5      0x5a7 ./system/src/cortexm/exception_handlers.o
 .debug_macro   0x000000000001b09c       0x3b ./system/src/cortexm/exception_handlers.o
 .debug_macro   0x000000000001b0d7      0x525 ./system/src/cmsis/system_stm32f4xx.o
 .debug_macro   0x000000000001b5fc       0x73 ./system/src/cmsis/vectors_stm32f407xx.o
 .debug_macro   0x000000000001b66f      0x542 ./src/Timer.o
 .debug_macro   0x000000000001bbb1       0x10 ./src/Timer.o
 .debug_macro   0x000000000001bbc1      0x51f ./src/_initialize_hardware.o
 .debug_macro   0x000000000001c0e0      0x51f ./src/main.o
 .debug_macro   0x000000000001c5ff      0x51f ./src/stm32f4xx_hal_msp.o
