Archive member included to satisfy reference by file (symbol)

/home/saffet/ARMToolchains/gcc-arm-none-eabi-8-2018-q4-major/bin/../lib/gcc/arm-none-eabi/8.2.1/../../../../arm-none-eabi/lib/thumb/v7e-m/nofp/libg_nano.a(lib_a-ctype_.o)
                              ./system/src/newlib/_syscalls.o (_ctype_)
/home/saffet/ARMToolchains/gcc-arm-none-eabi-8-2018-q4-major/bin/../lib/gcc/arm-none-eabi/8.2.1/../../../../arm-none-eabi/lib/thumb/v7e-m/nofp/libg_nano.a(lib_a-errno.o)
                              ./system/src/newlib/_sbrk.o (__errno)
/home/saffet/ARMToolchains/gcc-arm-none-eabi-8-2018-q4-major/bin/../lib/gcc/arm-none-eabi/8.2.1/../../../../arm-none-eabi/lib/thumb/v7e-m/nofp/libg_nano.a(lib_a-findfp.o)
                              ./system/src/newlib/_syscalls.o (__sinit)
/home/saffet/ARMToolchains/gcc-arm-none-eabi-8-2018-q4-major/bin/../lib/gcc/arm-none-eabi/8.2.1/../../../../arm-none-eabi/lib/thumb/v7e-m/nofp/libg_nano.a(lib_a-fwalk.o)
                              /home/saffet/ARMToolchains/gcc-arm-none-eabi-8-2018-q4-major/bin/../lib/gcc/arm-none-eabi/8.2.1/../../../../arm-none-eabi/lib/thumb/v7e-m/nofp/libg_nano.a(lib_a-findfp.o) (_fwalk)
/home/saffet/ARMToolchains/gcc-arm-none-eabi-8-2018-q4-major/bin/../lib/gcc/arm-none-eabi/8.2.1/../../../../arm-none-eabi/lib/thumb/v7e-m/nofp/libg_nano.a(lib_a-impure.o)
                              /home/saffet/ARMToolchains/gcc-arm-none-eabi-8-2018-q4-major/bin/../lib/gcc/arm-none-eabi/8.2.1/../../../../arm-none-eabi/lib/thumb/v7e-m/nofp/libg_nano.a(lib_a-findfp.o) (_global_impure_ptr)
/home/saffet/ARMToolchains/gcc-arm-none-eabi-8-2018-q4-major/bin/../lib/gcc/arm-none-eabi/8.2.1/../../../../arm-none-eabi/lib/thumb/v7e-m/nofp/libg_nano.a(lib_a-lock.o)
                              /home/saffet/ARMToolchains/gcc-arm-none-eabi-8-2018-q4-major/bin/../lib/gcc/arm-none-eabi/8.2.1/../../../../arm-none-eabi/lib/thumb/v7e-m/nofp/libg_nano.a(lib_a-findfp.o) (__retarget_lock_init_recursive)
/home/saffet/ARMToolchains/gcc-arm-none-eabi-8-2018-q4-major/bin/../lib/gcc/arm-none-eabi/8.2.1/../../../../arm-none-eabi/lib/thumb/v7e-m/nofp/libg_nano.a(lib_a-memset.o)
                              ./system/src/newlib/_syscalls.o (memset)
/home/saffet/ARMToolchains/gcc-arm-none-eabi-8-2018-q4-major/bin/../lib/gcc/arm-none-eabi/8.2.1/../../../../arm-none-eabi/lib/thumb/v7e-m/nofp/libg_nano.a(lib_a-nano-mallocr.o)
                              /home/saffet/ARMToolchains/gcc-arm-none-eabi-8-2018-q4-major/bin/../lib/gcc/arm-none-eabi/8.2.1/../../../../arm-none-eabi/lib/thumb/v7e-m/nofp/libg_nano.a(lib_a-findfp.o) (_malloc_r)
/home/saffet/ARMToolchains/gcc-arm-none-eabi-8-2018-q4-major/bin/../lib/gcc/arm-none-eabi/8.2.1/../../../../arm-none-eabi/lib/thumb/v7e-m/nofp/libg_nano.a(lib_a-sbrkr.o)
                              /home/saffet/ARMToolchains/gcc-arm-none-eabi-8-2018-q4-major/bin/../lib/gcc/arm-none-eabi/8.2.1/../../../../arm-none-eabi/lib/thumb/v7e-m/nofp/libg_nano.a(lib_a-nano-mallocr.o) (_sbrk_r)
/home/saffet/ARMToolchains/gcc-arm-none-eabi-8-2018-q4-major/bin/../lib/gcc/arm-none-eabi/8.2.1/../../../../arm-none-eabi/lib/thumb/v7e-m/nofp/libg_nano.a(lib_a-stdio.o)
                              /home/saffet/ARMToolchains/gcc-arm-none-eabi-8-2018-q4-major/bin/../lib/gcc/arm-none-eabi/8.2.1/../../../../arm-none-eabi/lib/thumb/v7e-m/nofp/libg_nano.a(lib_a-findfp.o) (__sread)
/home/saffet/ARMToolchains/gcc-arm-none-eabi-8-2018-q4-major/bin/../lib/gcc/arm-none-eabi/8.2.1/../../../../arm-none-eabi/lib/thumb/v7e-m/nofp/libg_nano.a(lib_a-strcmp.o)
                              ./system/src/cortexm/exception_handlers.o (strcmp)
/home/saffet/ARMToolchains/gcc-arm-none-eabi-8-2018-q4-major/bin/../lib/gcc/arm-none-eabi/8.2.1/../../../../arm-none-eabi/lib/thumb/v7e-m/nofp/libg_nano.a(lib_a-strlen.o)
                              ./system/src/newlib/_syscalls.o (strlen)
/home/saffet/ARMToolchains/gcc-arm-none-eabi-8-2018-q4-major/bin/../lib/gcc/arm-none-eabi/8.2.1/../../../../arm-none-eabi/lib/thumb/v7e-m/nofp/libg_nano.a(lib_a-strncpy.o)
                              ./system/src/newlib/_syscalls.o (strncpy)
/home/saffet/ARMToolchains/gcc-arm-none-eabi-8-2018-q4-major/bin/../lib/gcc/arm-none-eabi/8.2.1/../../../../arm-none-eabi/lib/thumb/v7e-m/nofp/libg_nano.a(lib_a-writer.o)
                              /home/saffet/ARMToolchains/gcc-arm-none-eabi-8-2018-q4-major/bin/../lib/gcc/arm-none-eabi/8.2.1/../../../../arm-none-eabi/lib/thumb/v7e-m/nofp/libg_nano.a(lib_a-stdio.o) (_write_r)
/home/saffet/ARMToolchains/gcc-arm-none-eabi-8-2018-q4-major/bin/../lib/gcc/arm-none-eabi/8.2.1/../../../../arm-none-eabi/lib/thumb/v7e-m/nofp/libg_nano.a(lib_a-closer.o)
                              /home/saffet/ARMToolchains/gcc-arm-none-eabi-8-2018-q4-major/bin/../lib/gcc/arm-none-eabi/8.2.1/../../../../arm-none-eabi/lib/thumb/v7e-m/nofp/libg_nano.a(lib_a-stdio.o) (_close_r)
[...]
Memory Configuration

Name             Origin             Length             Attributes
RAM              0x0000000020000000 0x0000000000020000 xrw
CCMRAM           0x0000000010000000 0x0000000000010000 xrw
FLASH            0x0000000008000000 0x0000000000100000 xr
FLASHB1          0x0000000000000000 0x0000000000000000 xr
EXTMEMB0         0x0000000000000000 0x0000000000000000 xr
EXTMEMB1         0x0000000000000000 0x0000000000000000 xr
EXTMEMB2         0x0000000000000000 0x0000000000000000 xr
EXTMEMB3         0x0000000000000000 0x0000000000000000 xr
MEMORY_ARRAY     0x0000000020002000 0x0000000000000020 xrw
*default*        0x0000000000000000 0xffffffffffffffff

Linker script and memory map

LOAD ./system/src/stm32f4-hal/stm32f4xx_hal.o
LOAD ./system/src/stm32f4-hal/stm32f4xx_hal_cortex.o
LOAD ./system/src/stm32f4-hal/stm32f4xx_hal_dfsdm.o
LOAD ./system/src/stm32f4-hal/stm32f4xx_hal_flash.o
LOAD ./system/src/stm32f4-hal/stm32f4xx_hal_gpio.o
LOAD ./system/src/stm32f4-hal/stm32f4xx_hal_iwdg.o
LOAD ./system/src/stm32f4-hal/stm32f4xx_hal_pwr.o
LOAD ./system/src/stm32f4-hal/stm32f4xx_hal_rcc.o
LOAD ./system/src/newlib/_cxx.o
LOAD ./system/src/newlib/_exit.o
LOAD ./system/src/newlib/_sbrk.o
LOAD ./system/src/newlib/_startup.o
LOAD ./system/src/newlib/_syscalls.o
LOAD ./system/src/newlib/assert.o
LOAD ./system/src/diag/Trace.o
LOAD ./system/src/diag/trace_impl.o
LOAD ./system/src/cortexm/_initialize_hardware.o
LOAD ./system/src/cortexm/_reset_hardware.o
LOAD ./system/src/cortexm/exception_handlers.o
LOAD ./system/src/cmsis/system_stm32f4xx.o
LOAD ./system/src/cmsis/vectors_stm32f407xx.o
LOAD ./src/BlinkLed.o
LOAD ./src/Timer.o
LOAD ./src/_initialize_hardware.o
LOAD ./src/_write.o
LOAD ./src/main.o
LOAD ./src/stm32f4xx_hal_msp.o
LOAD /home/saffet/ARMToolchains/gcc-arm-none-eabi-8-2018-q4-major/bin/../lib/gcc/arm-none-eabi/8.2.1/../../../../arm-none-eabi/lib/thumb/v7e-m/nofp/libstdc++_nano.a
LOAD /home/saffet/ARMToolchains/gcc-arm-none-eabi-8-2018-q4-major/bin/../lib/gcc/arm-none-eabi/8.2.1/../../../../arm-none-eabi/lib/thumb/v7e-m/nofp/libm.a
START GROUP
LOAD /home/saffet/ARMToolchains/gcc-arm-none-eabi-8-2018-q4-major/bin/../lib/gcc/arm-none-eabi/8.2.1/thumb/v7e-m/nofp/libgcc.a
LOAD /home/saffet/ARMToolchains/gcc-arm-none-eabi-8-2018-q4-major/bin/../lib/gcc/arm-none-eabi/8.2.1/../../../../arm-none-eabi/lib/thumb/v7e-m/nofp/libg_nano.a
LOAD /home/saffet/ARMToolchains/gcc-arm-none-eabi-8-2018-q4-major/bin/../lib/gcc/arm-none-eabi/8.2.1/../../../../arm-none-eabi/lib/thumb/v7e-m/nofp/libc_nano.a
END GROUP
START GROUP
LOAD /home/saffet/ARMToolchains/gcc-arm-none-eabi-8-2018-q4-major/bin/../lib/gcc/arm-none-eabi/8.2.1/thumb/v7e-m/nofp/libgcc.a
LOAD /home/saffet/ARMToolchains/gcc-arm-none-eabi-8-2018-q4-major/bin/../lib/gcc/arm-none-eabi/8.2.1/../../../../arm-none-eabi/lib/thumb/v7e-m/nofp/libc_nano.a
END GROUP
                0x0000000020020000                __stack = (ORIGIN (RAM) + LENGTH (RAM))
                0x0000000020020000                _estack = __stack
                0x0000000000000400                __Main_Stack_Size = 0x400
                [!provide]                        PROVIDE (_Main_Stack_Size = __Main_Stack_Size)
                0x000000002001fc00                __Main_Stack_Limit = (__stack - __Main_Stack_Size)
                [!provide]                        PROVIDE (_Main_Stack_Limit = __Main_Stack_Limit)
                0x0000000000000100                _Minimum_Stack_Size = 0x100
                0x0000000020000130                PROVIDE (_Heap_Begin = _end_noinit)
                0x000000002001fc00                PROVIDE (_Heap_Limit = (__stack - __Main_Stack_Size))

.isr_vector     0x0000000008000000      0x2e2
 FILL mask 0xff
                0x0000000008000000                __vectors_start = ABSOLUTE (.)
                0x0000000008000000                __vectors_start__ = ABSOLUTE (.)
 *(.isr_vector)
 .isr_vector    0x0000000008000000      0x188 ./system/src/cmsis/vectors_stm32f407xx.o
                0x0000000008000000                __isr_vectors
 *(.cfmconfig)
 *(.after_vectors .after_vectors.*)
 .after_vectors
                0x0000000008000188       0xcc ./system/src/newlib/_startup.o
                0x0000000008000188                _start
 .after_vectors
                0x0000000008000254       0x8c ./system/src/cortexm/exception_handlers.o
                0x0000000008000254                Reset_Handler
                0x0000000008000258                NMI_Handler
                0x000000000800025a                HardFault_Handler
                0x000000000800026e                HardFault_Handler_C
                0x0000000008000298                MemManage_Handler
                0x000000000800029a                BusFault_Handler
                0x00000000080002ae                BusFault_Handler_C
                0x00000000080002b0                UsageFault_Handler
                0x00000000080002c4                UsageFault_Handler_C
                0x00000000080002c6                SVC_Handler
                0x00000000080002c8                DebugMon_Handler
                0x00000000080002ca                PendSV_Handler
 .after_vectors
                0x00000000080002e0        0x2 ./system/src/cmsis/vectors_stm32f407xx.o
                0x00000000080002e0                RTC_Alarm_IRQHandler
                0x00000000080002e0                HASH_RNG_IRQHandler
                0x00000000080002e0                EXTI2_IRQHandler
                0x00000000080002e0                TIM8_CC_IRQHandler
                0x00000000080002e0                TIM1_CC_IRQHandler
                0x00000000080002e0                DMA2_Stream5_IRQHandler
                0x00000000080002e0                DMA1_Stream5_IRQHandler
                0x00000000080002e0                PVD_IRQHandler
                0x00000000080002e0                SDIO_IRQHandler
                0x00000000080002e0                TAMP_STAMP_IRQHandler
                0x00000000080002e0                CAN2_RX1_IRQHandler
                0x00000000080002e0                EXTI3_IRQHandler
                0x00000000080002e0                TIM8_TRG_COM_TIM14_IRQHandler
                0x00000000080002e0                TIM1_UP_TIM10_IRQHandler
                0x00000000080002e0                TIM8_UP_TIM13_IRQHandler
                0x00000000080002e0                I2C3_ER_IRQHandler
                0x00000000080002e0                EXTI0_IRQHandler
                0x00000000080002e0                I2C2_EV_IRQHandler
                0x00000000080002e0                DMA1_Stream2_IRQHandler
                0x00000000080002e0                CAN1_RX0_IRQHandler
                0x00000000080002e0                FPU_IRQHandler
                0x00000000080002e0                OTG_HS_WKUP_IRQHandler
                0x00000000080002e0                CAN2_SCE_IRQHandler
                0x00000000080002e0                DMA2_Stream2_IRQHandler
                0x00000000080002e0                SPI1_IRQHandler
                0x00000000080002e0                TIM6_DAC_IRQHandler
                0x00000000080002e0                TIM1_BRK_TIM9_IRQHandler
                0x00000000080002e0                DCMI_IRQHandler
                0x00000000080002e0                CAN2_RX0_IRQHandler
                0x00000000080002e0                DMA2_Stream3_IRQHandler
                0x00000000080002e0                USART6_IRQHandler
                0x00000000080002e0                USART3_IRQHandler
                0x00000000080002e0                CAN1_RX1_IRQHandler
                0x00000000080002e0                UART5_IRQHandler
                0x00000000080002e0                DMA2_Stream0_IRQHandler
                0x00000000080002e0                TIM4_IRQHandler
                0x00000000080002e0                I2C1_EV_IRQHandler
                0x00000000080002e0                DMA1_Stream6_IRQHandler
                0x00000000080002e0                DMA1_Stream1_IRQHandler
                0x00000000080002e0                UART4_IRQHandler
                0x00000000080002e0                TIM3_IRQHandler
                0x00000000080002e0                RCC_IRQHandler
                0x00000000080002e0                TIM8_BRK_TIM12_IRQHandler
                0x00000000080002e0                Default_Handler
                0x00000000080002e0                EXTI15_10_IRQHandler
                0x00000000080002e0                ADC_IRQHandler
                0x00000000080002e0                DMA1_Stream7_IRQHandler
                0x00000000080002e0                TIM7_IRQHandler
                0x00000000080002e0                CAN2_TX_IRQHandler
                0x00000000080002e0                TIM5_IRQHandler
                0x00000000080002e0                DMA2_Stream7_IRQHandler
                0x00000000080002e0                I2C3_EV_IRQHandler
                0x00000000080002e0                EXTI9_5_IRQHandler
                0x00000000080002e0                RTC_WKUP_IRQHandler
                0x00000000080002e0                ETH_WKUP_IRQHandler
                0x00000000080002e0                SPI2_IRQHandler
                0x00000000080002e0                OTG_HS_EP1_IN_IRQHandler
                0x00000000080002e0                DMA1_Stream0_IRQHandler
                0x00000000080002e0                CAN1_TX_IRQHandler
                0x00000000080002e0                EXTI4_IRQHandler
                0x00000000080002e0                ETH_IRQHandler
                0x00000000080002e0                OTG_HS_EP1_OUT_IRQHandler
                0x00000000080002e0                WWDG_IRQHandler
                0x00000000080002e0                TIM2_IRQHandler
                0x00000000080002e0                OTG_FS_WKUP_IRQHandler
                0x00000000080002e0                TIM1_TRG_COM_TIM11_IRQHandler
                0x00000000080002e0                OTG_HS_IRQHandler
                0x00000000080002e0                EXTI1_IRQHandler
                0x00000000080002e0                USART2_IRQHandler
                0x00000000080002e0                I2C2_ER_IRQHandler
                0x00000000080002e0                DMA2_Stream1_IRQHandler
                0x00000000080002e0                CAN1_SCE_IRQHandler
                0x00000000080002e0                FLASH_IRQHandler
                0x00000000080002e0                DMA2_Stream4_IRQHandler
                0x00000000080002e0                USART1_IRQHandler
                0x00000000080002e0                OTG_FS_IRQHandler
                0x00000000080002e0                SPI3_IRQHandler
                0x00000000080002e0                DMA1_Stream4_IRQHandler
                0x00000000080002e0                I2C1_ER_IRQHandler
                0x00000000080002e0                FMC_IRQHandler
                0x00000000080002e0                DMA2_Stream6_IRQHandler
                0x00000000080002e0                DMA1_Stream3_IRQHandler

.inits          0x00000000080002e4       0x28
                0x00000000080002e4                __data_regions_array_start = .
                0x00000000080002e4        0x4 LONG 0x80010a0 LOADADDR (.data)
                0x00000000080002e8        0x4 LONG 0x20000000 ADDR (.data)
                0x00000000080002ec        0x4 LONG 0x20000004 (ADDR (.data) + SIZEOF (.data))
                0x00000000080002f0        0x4 LONG 0x80010a0 LOADADDR (.data_CCMRAM)
                0x00000000080002f4        0x4 LONG 0x10000000 ADDR (.data_CCMRAM)
                0x00000000080002f8        0x4 LONG 0x10000000 (ADDR (.data_CCMRAM) + SIZEOF (.data_CCMRAM))
                0x00000000080002fc                __data_regions_array_end = .
                0x00000000080002fc                __bss_regions_array_start = .
                0x00000000080002fc        0x4 LONG 0x20000004 ADDR (.bss)
                0x0000000008000300        0x4 LONG 0x20000130 (ADDR (.bss) + SIZEOF (.bss))
                0x0000000008000304        0x4 LONG 0x10000000 ADDR (.bss_CCMRAM)
                0x0000000008000308        0x4 LONG 0x10000000 (ADDR (.bss_CCMRAM) + SIZEOF (.bss_CCMRAM))
                0x000000000800030c                __bss_regions_array_end = .
 *(.init)
 *(.fini)
                0x000000000800030c                . = ALIGN (0x4)
                0x000000000800030c                PROVIDE (__preinit_array_start = .)
 *(.preinit_array_sysinit .preinit_array_sysinit.*)
 *(.preinit_array_platform .preinit_array_platform.*)
 *(.preinit_array .preinit_array.*)
                0x000000000800030c                PROVIDE (__preinit_array_end = .)
                0x000000000800030c                . = ALIGN (0x4)
                0x000000000800030c                PROVIDE (__init_array_start = .)
 *(SORT_BY_NAME(.init_array.*))
 *(.init_array)
                0x000000000800030c                PROVIDE (__init_array_end = .)
                0x000000000800030c                . = ALIGN (0x4)
                0x000000000800030c                PROVIDE (__fini_array_start = .)
 *(SORT_BY_NAME(.fini_array.*))
 *(.fini_array)
                0x000000000800030c                PROVIDE (__fini_array_end = .)

.flashtext
 *(.flashtext .flashtext.*)

.text           0x000000000800030c      0xd93
 *(.text .text.*)
 .text.HAL_InitTick
                0x000000000800030c       0x28 ./system/src/stm32f4-hal/stm32f4xx_hal.o
                0x000000000800030c                HAL_InitTick
 .text.HAL_Init
                0x0000000008000334       0x34 ./system/src/stm32f4-hal/stm32f4xx_hal.o
                0x0000000008000334                HAL_Init
 .text.HAL_IncTick
                0x0000000008000368       0x10 ./system/src/stm32f4-hal/stm32f4xx_hal.o
                0x0000000008000368                HAL_IncTick
 .text.HAL_GetTick
                0x0000000008000378        0xc ./system/src/stm32f4-hal/stm32f4xx_hal.o
                0x0000000008000378                HAL_GetTick
 .text.HAL_Delay
                0x0000000008000384       0x1a ./system/src/stm32f4-hal/stm32f4xx_hal.o
                0x0000000008000384                HAL_Delay
 *fill*         0x000000000800039e        0x2 
 .text.HAL_NVIC_SetPriorityGrouping
                0x00000000080003a0       0x24 ./system/src/stm32f4-hal/stm32f4xx_hal_cortex.o
                0x00000000080003a0                HAL_NVIC_SetPriorityGrouping
 .text.HAL_NVIC_SetPriority
                0x00000000080003c4       0x68 ./system/src/stm32f4-hal/stm32f4xx_hal_cortex.o
                0x00000000080003c4                HAL_NVIC_SetPriority
 .text.HAL_SYSTICK_Config
                0x000000000800042c       0x2c ./system/src/stm32f4-hal/stm32f4xx_hal_cortex.o
                0x000000000800042c                HAL_SYSTICK_Config
 .text.HAL_SYSTICK_CLKSourceConfig
                0x0000000008000458       0x18 ./system/src/stm32f4-hal/stm32f4xx_hal_cortex.o
                0x0000000008000458                HAL_SYSTICK_CLKSourceConfig
 .text.HAL_GPIO_Init
                0x0000000008000470      0x1cc ./system/src/stm32f4-hal/stm32f4xx_hal_gpio.o
                0x0000000008000470                HAL_GPIO_Init
 .text.HAL_GPIO_WritePin
                0x000000000800063c        0xa ./system/src/stm32f4-hal/stm32f4xx_hal_gpio.o
                0x000000000800063c                HAL_GPIO_WritePin
 *fill*         0x0000000008000646        0x2 
 .text.HAL_RCC_OscConfig
                0x0000000008000648      0x2d8 ./system/src/stm32f4-hal/stm32f4xx_hal_rcc.o
                0x0000000008000648                HAL_RCC_OscConfig
 .text.HAL_RCC_GetSysClockFreq
                0x0000000008000920       0x74 ./system/src/stm32f4-hal/stm32f4xx_hal_rcc.o
                0x0000000008000920                HAL_RCC_GetSysClockFreq
 .text.HAL_RCC_ClockConfig
                0x0000000008000994      0x168 ./system/src/stm32f4-hal/stm32f4xx_hal_rcc.o
                0x0000000008000994                HAL_RCC_ClockConfig
 .text.HAL_RCC_GetHCLKFreq
                0x0000000008000afc        0xc ./system/src/stm32f4-hal/stm32f4xx_hal_rcc.o
                0x0000000008000afc                HAL_RCC_GetHCLKFreq
 .text._exit    0x0000000008000b08       0x20 ./system/src/newlib/_syscalls.o
                0x0000000008000b08                _exit
 .text.initialise_monitor_handles
                0x0000000008000b28       0xa4 ./system/src/newlib/_syscalls.o
                0x0000000008000b28                initialise_monitor_handles
 .text.__initialize_args
                0x0000000008000bcc       0xbc ./system/src/newlib/_syscalls.o
                0x0000000008000bcc                __initialize_args
 .text.__initialize_hardware_early
                0x0000000008000c88       0x18 ./system/src/cortexm/_initialize_hardware.o
                0x0000000008000c88                __initialize_hardware_early
 .text.isSemihosting
                0x0000000008000ca0       0xc4 ./system/src/cortexm/exception_handlers.o
                0x0000000008000ca0                isSemihosting
 .text.SystemInit
                0x0000000008000d64       0x40 ./system/src/cmsis/system_stm32f4xx.o
                0x0000000008000d64                SystemInit
 .text.SystemCoreClockUpdate
                0x0000000008000da4       0x74 ./system/src/cmsis/system_stm32f4xx.o
                0x0000000008000da4                SystemCoreClockUpdate
 .text.timer_tick
                0x0000000008000e18       0x14 ./src/Timer.o
                0x0000000008000e18                timer_tick
 .text.SysTick_Handler
                0x0000000008000e2c        0xe ./src/Timer.o
                0x0000000008000e2c                SysTick_Handler
 *fill*         0x0000000008000e3a        0x2 
 .text.SystemClock_Config
                0x0000000008000e3c       0x98 ./src/_initialize_hardware.o
                0x0000000008000e3c                SystemClock_Config
 .text.__initialize_hardware
                0x0000000008000ed4       0x12 ./src/_initialize_hardware.o
                0x0000000008000ed4                __initialize_hardware
 *fill*         0x0000000008000ee6        0x2 
 .text.GPIO_Init
                0x0000000008000ee8       0x44 ./src/main.o
                0x0000000008000ee8                GPIO_Init
 .text.startup.main
                0x0000000008000f2c       0x38 ./src/main.o
                0x0000000008000f2c                main
 .text.HAL_MspInit
                0x0000000008000f64        0x2 ./src/stm32f4xx_hal_msp.o
                0x0000000008000f64                HAL_MspInit
 .text          0x0000000008000f66       0x14 /home/saffet/ARMToolchains/gcc-arm-none-eabi-8-2018-q4-major/bin/../lib/gcc/arm-none-eabi/8.2.1/../../../../arm-none-eabi/lib/thumb/v7e-m/nofp/libg_nano.a(lib_a-strcmp.o)
                0x0000000008000f66                strcmp
 *(.rodata .rodata.* .constdata .constdata.*)
 .rodata.APBAHBPrescTable
                0x0000000008000f7a       0x10 ./system/src/stm32f4-hal/stm32f4xx_hal_rcc.o
                0x0000000008000f7a                APBAHBPrescTable
 .rodata.initialise_monitor_handles.str1.1
                0x0000000008000f8a        0x4 ./system/src/newlib/_syscalls.o
 .rodata.isSemihosting.str1.1
                0x0000000008000f8e        0x4 ./system/src/cortexm/exception_handlers.o
 .rodata.AHBPrescTable
                0x0000000008000f8e       0x10 ./system/src/cmsis/system_stm32f4xx.o
                0x0000000008000f8e                AHBPrescTable
 .rodata._ctype_
                0x0000000008000f9e      0x101 /home/saffet/ARMToolchains/gcc-arm-none-eabi-8-2018-q4-major/bin/../lib/gcc/arm-none-eabi/8.2.1/../../../../arm-none-eabi/lib/thumb/v7e-m/nofp/libg_nano.a(lib_a-ctype_.o)
                0x0000000008000f9e                _ctype_
 *(vtable)
 *(.eh_frame*)
 *(.glue_7)
 .glue_7        0x000000000800109f        0x0 linker stubs
 *(.glue_7t)
 .glue_7t       0x000000000800109f        0x0 linker stubs

.vfp11_veneer   0x00000000080010a0        0x0
 .vfp11_veneer  0x00000000080010a0        0x0 linker stubs

.v4_bx          0x00000000080010a0        0x0
 .v4_bx         0x00000000080010a0        0x0 linker stubs

.iplt           0x00000000080010a0        0x0
 .iplt          0x00000000080010a0        0x0 ./system/src/stm32f4-hal/stm32f4xx_hal.o

.rel.dyn        0x00000000080010a0        0x0
 .rel.iplt      0x00000000080010a0        0x0 ./system/src/stm32f4-hal/stm32f4xx_hal.o

.ARM.extab
 *(.ARM.extab* .gnu.linkonce.armextab.*)
                0x00000000080010a0                . = ALIGN (0x4)
                0x00000000080010a0                __exidx_start = .

.ARM.exidx
 *(.ARM.exidx* .gnu.linkonce.armexidx.*)
                0x00000000080010a0                __exidx_end = .
                0x00000000080010a0                . = ALIGN (0x4)
                0x00000000080010a0                _etext = .
                0x00000000080010a0                __etext = .

.data_CCMRAM    0x0000000010000000        0x0 load address 0x00000000080010a0
 FILL mask 0xff
 *(.data.CCMRAM .data.CCMRAM.*)
                0x0000000010000000                . = ALIGN (0x4)
                0x00000000080010a0                _sidata = LOADADDR (.data)

.data           0x0000000020000000        0x4 load address 0x00000000080010a0
 FILL mask 0xff
                0x0000000020000000                _sdata = .
                0x0000000020000000                __data_start__ = .
 *(.data_begin .data_begin.*)
 *(.data .data.*)
 .data.SystemCoreClock
                0x0000000020000000        0x4 ./system/src/cmsis/system_stm32f4xx.o
                0x0000000020000000                SystemCoreClock
 *(.data_end .data_end.*)
                0x0000000020000004                . = ALIGN (0x4)
                0x0000000020000004                _edata = .
                0x0000000020000004                __data_end__ = .

.igot.plt       0x0000000020000004        0x0 load address 0x00000000080010a4
 .igot.plt      0x0000000020000004        0x0 ./system/src/stm32f4-hal/stm32f4xx_hal.o

.bss_CCMRAM     0x0000000010000000        0x0
 *(.bss.CCMRAM .bss.CCMRAM.*)

.bss            0x0000000020000004      0x12c
                0x0000000020000004                __bss_start__ = .
                0x0000000020000004                _sbss = .
 *(.bss_begin .bss_begin.*)
 *(.bss .bss.*)
 .bss.args_buf.6482
                0x0000000020000004       0x50 ./system/src/newlib/_syscalls.o
 .bss.argv_buf.6483
                0x0000000020000054       0x28 ./system/src/newlib/_syscalls.o
 .bss.monitor_stderr
                0x000000002000007c        0x4 ./system/src/newlib/_syscalls.o
 .bss.monitor_stdin
                0x0000000020000080        0x4 ./system/src/newlib/_syscalls.o
 .bss.monitor_stdout
                0x0000000020000084        0x4 ./system/src/newlib/_syscalls.o
 .bss.openfiles
                0x0000000020000088       0xa0 ./system/src/newlib/_syscalls.o
 *(COMMON)
 COMMON         0x0000000020000128        0x4 ./system/src/stm32f4-hal/stm32f4xx_hal.o
                0x0000000020000128                uwTick
 COMMON         0x000000002000012c        0x4 ./src/Timer.o
                0x000000002000012c                timer_delayCount
 *(.bss_end .bss_end.*)
                0x0000000020000130                . = ALIGN (0x4)
                0x0000000020000130                __bss_end__ = .
                0x0000000020000130                _ebss = .

.noinit_CCMRAM
 *(.noinit.CCMRAM .noinit.CCMRAM.*)

.noinit         0x0000000020000130        0x0
                0x0000000020000130                _noinit = .
 *(.noinit .noinit.*)
                0x0000000020000130                . = ALIGN (0x4)
                0x0000000020000130                _end_noinit = .
                [!provide]                        PROVIDE (end = _end_noinit)
                [!provide]                        PROVIDE (_end = _end_noinit)
                [!provide]                        PROVIDE (__end = _end_noinit)
                [!provide]                        PROVIDE (__end__ = _end_noinit)

._check_stack   0x0000000020000130      0x100
                0x0000000020000230                . = (. + _Minimum_Stack_Size)
 *fill*         0x0000000020000130      0x100 

.b1text
 *(.b1text)
 *(.b1rodata)
 *(.b1rodata.*)

.eb0text
 *(.eb0text)
 *(.eb0rodata)
 *(.eb0rodata.*)

.eb1text
 *(.eb1text)
 *(.eb1rodata)
 *(.eb1rodata.*)

.eb2text
 *(.eb2text)
 *(.eb2rodata)
 *(.eb2rodata.*)

.eb3text
 *(.eb3text)
 *(.eb3rodata)
 *(.eb3rodata.*)

.stab
 *(.stab)

.stabstr
 *(.stabstr)

.stab.excl
 *(.stab.excl)

.stab.exclstr
 *(.stab.exclstr)

.stab.index
 *(.stab.index)

.stab.indexstr
 *(.stab.indexstr)

.comment        0x0000000000000000       0x75
 *(.comment)
 .comment       0x0000000000000000       0x75 ./system/src/stm32f4-hal/stm32f4xx_hal.o
                                         0x76 (size before relaxing)
 .comment       0x0000000000000075       0x76 ./system/src/stm32f4-hal/stm32f4xx_hal_cortex.o
 .comment       0x0000000000000075       0x76 ./system/src/stm32f4-hal/stm32f4xx_hal_gpio.o
 .comment       0x0000000000000075       0x76 ./system/src/stm32f4-hal/stm32f4xx_hal_rcc.o
 .comment       0x0000000000000075       0x76 ./system/src/newlib/_startup.o
 .comment       0x0000000000000075       0x76 ./system/src/newlib/_syscalls.o
 .comment       0x0000000000000075       0x76 ./system/src/cortexm/_initialize_hardware.o
 .comment       0x0000000000000075       0x76 ./system/src/cortexm/exception_handlers.o
 .comment       0x0000000000000075       0x76 ./system/src/cmsis/system_stm32f4xx.o
 .comment       0x0000000000000075       0x76 ./system/src/cmsis/vectors_stm32f407xx.o
 .comment       0x0000000000000075       0x76 ./src/Timer.o
 .comment       0x0000000000000075       0x76 ./src/_initialize_hardware.o
 .comment       0x0000000000000075       0x76 ./src/main.o
 .comment       0x0000000000000075       0x76 ./src/stm32f4xx_hal_msp.o

.ARM.attributes
                0x0000000000000000       0x2c
 .ARM.attributes
                0x0000000000000000       0x2e ./system/src/stm32f4-hal/stm32f4xx_hal.o
 .ARM.attributes
                0x000000000000002e       0x2e ./system/src/stm32f4-hal/stm32f4xx_hal_cortex.o
 .ARM.attributes
                0x000000000000005c       0x2e ./system/src/stm32f4-hal/stm32f4xx_hal_gpio.o
 .ARM.attributes
                0x000000000000008a       0x2e ./system/src/stm32f4-hal/stm32f4xx_hal_rcc.o
 .ARM.attributes
                0x00000000000000b8       0x2e ./system/src/newlib/_startup.o
 .ARM.attributes
                0x00000000000000e6       0x2e ./system/src/newlib/_syscalls.o
 .ARM.attributes
                0x0000000000000114       0x2e ./system/src/cortexm/_initialize_hardware.o
 .ARM.attributes
                0x0000000000000142       0x2e ./system/src/cortexm/exception_handlers.o
 .ARM.attributes
                0x0000000000000170       0x2e ./system/src/cmsis/system_stm32f4xx.o
 .ARM.attributes
                0x000000000000019e       0x2e ./system/src/cmsis/vectors_stm32f407xx.o
 .ARM.attributes
                0x00000000000001cc       0x2e ./src/Timer.o
 .ARM.attributes
                0x00000000000001fa       0x2e ./src/_initialize_hardware.o
 .ARM.attributes
                0x0000000000000228       0x2e ./src/main.o
 .ARM.attributes
                0x0000000000000256       0x2e ./src/stm32f4xx_hal_msp.o
 .ARM.attributes
                0x0000000000000284       0x2e /home/saffet/ARMToolchains/gcc-arm-none-eabi-8-2018-q4-major/bin/../lib/gcc/arm-none-eabi/8.2.1/../../../../arm-none-eabi/lib/thumb/v7e-m/nofp/libg_nano.a(lib_a-ctype_.o)
 .ARM.attributes
                0x00000000000002b2       0x1c /home/saffet/ARMToolchains/gcc-arm-none-eabi-8-2018-q4-major/bin/../lib/gcc/arm-none-eabi/8.2.1/../../../../arm-none-eabi/lib/thumb/v7e-m/nofp/libg_nano.a(lib_a-strcmp.o)

.debug
 *(.debug)

.line
 *(.line)

.debug_srcinfo
 *(.debug_srcinfo)

.debug_sfnames
 *(.debug_sfnames)

.debug_aranges  0x0000000000000000      0x518
 *(.debug_aranges)
 .debug_aranges
                0x0000000000000000       0xb8 ./system/src/stm32f4-hal/stm32f4xx_hal.o
 .debug_aranges
                0x00000000000000b8       0x98 ./system/src/stm32f4-hal/stm32f4xx_hal_cortex.o
 .debug_aranges
                0x0000000000000150       0x58 ./system/src/stm32f4-hal/stm32f4xx_hal_gpio.o
 .debug_aranges
                0x00000000000001a8       0x80 ./system/src/stm32f4-hal/stm32f4xx_hal_rcc.o
 .debug_aranges
                0x0000000000000228       0x40 ./system/src/newlib/_startup.o
 .debug_aranges
                0x0000000000000268      0x110 ./system/src/newlib/_syscalls.o
 .debug_aranges
                0x0000000000000378       0x28 ./system/src/cortexm/_initialize_hardware.o
 .debug_aranges
                0x00000000000003a0       0x88 ./system/src/cortexm/exception_handlers.o
 .debug_aranges
                0x0000000000000428       0x28 ./system/src/cmsis/system_stm32f4xx.o
 .debug_aranges
                0x0000000000000450       0x20 ./system/src/cmsis/vectors_stm32f407xx.o
 .debug_aranges
                0x0000000000000470       0x38 ./src/Timer.o
 .debug_aranges
                0x00000000000004a8       0x28 ./src/_initialize_hardware.o
 .debug_aranges
                0x00000000000004d0       0x28 ./src/main.o
 .debug_aranges
                0x00000000000004f8       0x20 ./src/stm32f4xx_hal_msp.o

.debug_pubnames
 *(.debug_pubnames)

.debug_info     0x0000000000000000     0xdced
 *(.debug_info .gnu.linkonce.wi.*)
 .debug_info    0x0000000000000000     0x120c ./system/src/stm32f4-hal/stm32f4xx_hal.o
 .debug_info    0x000000000000120c     0x18a9 ./system/src/stm32f4-hal/stm32f4xx_hal_cortex.o
 .debug_info    0x0000000000002ab5     0x1070 ./system/src/stm32f4-hal/stm32f4xx_hal_gpio.o
 .debug_info    0x0000000000003b25     0x175c ./system/src/stm32f4-hal/stm32f4xx_hal_rcc.o
 .debug_info    0x0000000000005281      0x518 ./system/src/newlib/_startup.o
 .debug_info    0x0000000000005799     0x25a0 ./system/src/newlib/_syscalls.o
 .debug_info    0x0000000000007d39      0xb9f ./system/src/cortexm/_initialize_hardware.o
 .debug_info    0x00000000000088d8     0x1021 ./system/src/cortexm/exception_handlers.o
 .debug_info    0x00000000000098f9      0xdcd ./system/src/cmsis/system_stm32f4xx.o
 .debug_info    0x000000000000a6c6       0xca ./system/src/cmsis/vectors_stm32f407xx.o
 .debug_info    0x000000000000a790     0x1055 ./src/Timer.o
 .debug_info    0x000000000000b7e5      0xdf2 ./src/_initialize_hardware.o
 .debug_info    0x000000000000c5d7      0xd83 ./src/main.o
 .debug_info    0x000000000000d35a      0x993 ./src/stm32f4xx_hal_msp.o

.debug_abbrev   0x0000000000000000     0x2921
 *(.debug_abbrev)
 .debug_abbrev  0x0000000000000000      0x39b ./system/src/stm32f4-hal/stm32f4xx_hal.o
 .debug_abbrev  0x000000000000039b      0x44d ./system/src/stm32f4-hal/stm32f4xx_hal_cortex.o
 .debug_abbrev  0x00000000000007e8      0x2ee ./system/src/stm32f4-hal/stm32f4xx_hal_gpio.o
 .debug_abbrev  0x0000000000000ad6      0x47f ./system/src/stm32f4-hal/stm32f4xx_hal_rcc.o
 .debug_abbrev  0x0000000000000f55      0x1e4 ./system/src/newlib/_startup.o
 .debug_abbrev  0x0000000000001139      0x570 ./system/src/newlib/_syscalls.o
 .debug_abbrev  0x00000000000016a9      0x215 ./system/src/cortexm/_initialize_hardware.o
 .debug_abbrev  0x00000000000018be      0x36d ./system/src/cortexm/exception_handlers.o
 .debug_abbrev  0x0000000000001c2b      0x24d ./system/src/cmsis/system_stm32f4xx.o
 .debug_abbrev  0x0000000000001e78       0xa2 ./system/src/cmsis/vectors_stm32f407xx.o
 .debug_abbrev  0x0000000000001f1a      0x32b ./src/Timer.o
 .debug_abbrev  0x0000000000002245      0x271 ./src/_initialize_hardware.o
 .debug_abbrev  0x00000000000024b6      0x27b ./src/main.o
 .debug_abbrev  0x0000000000002731      0x1f0 ./src/stm32f4xx_hal_msp.o

.debug_line     0x0000000000000000     0x4870
 *(.debug_line)
 .debug_line    0x0000000000000000      0x508 ./system/src/stm32f4-hal/stm32f4xx_hal.o
 .debug_line    0x0000000000000508      0x75e ./system/src/stm32f4-hal/stm32f4xx_hal_cortex.o
 .debug_line    0x0000000000000c66      0x7a4 ./system/src/stm32f4-hal/stm32f4xx_hal_gpio.o
 .debug_line    0x000000000000140a      0xccd ./system/src/stm32f4-hal/stm32f4xx_hal_rcc.o
 .debug_line    0x00000000000020d7      0x2d1 ./system/src/newlib/_startup.o
 .debug_line    0x00000000000023a8      0xf81 ./system/src/newlib/_syscalls.o
 .debug_line    0x0000000000003329      0x225 ./system/src/cortexm/_initialize_hardware.o
 .debug_line    0x000000000000354e      0x541 ./system/src/cortexm/exception_handlers.o
 .debug_line    0x0000000000003a8f      0x2f7 ./system/src/cmsis/system_stm32f4xx.o
 .debug_line    0x0000000000003d86       0x68 ./system/src/cmsis/vectors_stm32f407xx.o
 .debug_line    0x0000000000003dee      0x2e6 ./src/Timer.o
 .debug_line    0x00000000000040d4      0x311 ./src/_initialize_hardware.o
 .debug_line    0x00000000000043e5      0x2a0 ./src/main.o
 .debug_line    0x0000000000004685      0x1eb ./src/stm32f4xx_hal_msp.o

.debug_frame    0x0000000000000000      0xbd0
 *(.debug_frame)
 .debug_frame   0x0000000000000000      0x184 ./system/src/stm32f4-hal/stm32f4xx_hal.o
 .debug_frame   0x0000000000000184      0x138 ./system/src/stm32f4-hal/stm32f4xx_hal_cortex.o
 .debug_frame   0x00000000000002bc       0xd8 ./system/src/stm32f4-hal/stm32f4xx_hal_gpio.o
 .debug_frame   0x0000000000000394      0x140 ./system/src/stm32f4-hal/stm32f4xx_hal_rcc.o
 .debug_frame   0x00000000000004d4       0x80 ./system/src/newlib/_startup.o
 .debug_frame   0x0000000000000554      0x390 ./system/src/newlib/_syscalls.o
 .debug_frame   0x00000000000008e4       0x38 ./system/src/cortexm/_initialize_hardware.o
 .debug_frame   0x000000000000091c      0x104 ./system/src/cortexm/exception_handlers.o
 .debug_frame   0x0000000000000a20       0x38 ./system/src/cmsis/system_stm32f4xx.o
 .debug_frame   0x0000000000000a58       0x20 ./system/src/cmsis/vectors_stm32f407xx.o
 .debug_frame   0x0000000000000a78       0x5c ./src/Timer.o
 .debug_frame   0x0000000000000ad4       0x4c ./src/_initialize_hardware.o
 .debug_frame   0x0000000000000b20       0x40 ./src/main.o
 .debug_frame   0x0000000000000b60       0x50 ./src/stm32f4xx_hal_msp.o
 .debug_frame   0x0000000000000bb0       0x20 /home/saffet/ARMToolchains/gcc-arm-none-eabi-8-2018-q4-major/bin/../lib/gcc/arm-none-eabi/8.2.1/../../../../arm-none-eabi/lib/thumb/v7e-m/nofp/libg_nano.a(lib_a-strcmp.o)

.debug_str      0x0000000000000000     0x2140
 *(.debug_str)
 .debug_str     0x0000000000000000      0xdd8 ./system/src/stm32f4-hal/stm32f4xx_hal.o
                                        0xe9d (size before relaxing)
 .debug_str     0x0000000000000dd8      0x3a4 ./system/src/stm32f4-hal/stm32f4xx_hal_cortex.o
                                       0x1001 (size before relaxing)
 .debug_str     0x000000000000117c      0x1d4 ./system/src/stm32f4-hal/stm32f4xx_hal_gpio.o
                                        0x909 (size before relaxing)
 .debug_str     0x0000000000001350      0x2cc ./system/src/stm32f4-hal/stm32f4xx_hal_rcc.o
                                        0xad4 (size before relaxing)
 .debug_str     0x000000000000161c      0x1a9 ./system/src/newlib/_startup.o
                                        0x365 (size before relaxing)
 .debug_str     0x00000000000017c5      0x68b ./system/src/newlib/_syscalls.o
                                        0xcdc (size before relaxing)
 .debug_str     0x0000000000001e50       0x5e ./system/src/cortexm/_initialize_hardware.o
                                        0x6bf (size before relaxing)
 .debug_str     0x0000000000001eae      0x13b ./system/src/cortexm/exception_handlers.o
                                        0xa33 (size before relaxing)
 .debug_str     0x0000000000001fe9       0x31 ./system/src/cmsis/system_stm32f4xx.o
                                        0x792 (size before relaxing)
 .debug_str     0x000000000000201a       0x59 ./system/src/cmsis/vectors_stm32f407xx.o
                                        0x1e8 (size before relaxing)
 .debug_str     0x0000000000002073       0x51 ./src/Timer.o
                                        0xc43 (size before relaxing)
 .debug_str     0x00000000000020c4       0x31 ./src/_initialize_hardware.o
                                        0x8bd (size before relaxing)
 .debug_str     0x00000000000020f5        0xe ./src/main.o
                                        0x7af (size before relaxing)
 .debug_str     0x0000000000002103       0x3d ./src/stm32f4xx_hal_msp.o
                                        0x616 (size before relaxing)

.debug_loc      0x0000000000000000     0x3126
 *(.debug_loc)
 .debug_loc     0x0000000000000000       0xdb ./system/src/stm32f4-hal/stm32f4xx_hal.o
 .debug_loc     0x00000000000000db      0x5de ./system/src/stm32f4-hal/stm32f4xx_hal_cortex.o
 .debug_loc     0x00000000000006b9      0x475 ./system/src/stm32f4-hal/stm32f4xx_hal_gpio.o
 .debug_loc     0x0000000000000b2e      0x77b ./system/src/stm32f4-hal/stm32f4xx_hal_rcc.o
 .debug_loc     0x00000000000012a9      0x414 ./system/src/newlib/_startup.o
 .debug_loc     0x00000000000016bd     0x15e5 ./system/src/newlib/_syscalls.o
 .debug_loc     0x0000000000002ca2      0x2bf ./system/src/cortexm/exception_handlers.o
 .debug_loc     0x0000000000002f61      0x12f ./system/src/cmsis/system_stm32f4xx.o
 .debug_loc     0x0000000000003090       0x96 ./src/Timer.o

.debug_macinfo
 *(.debug_macinfo)

.debug_weaknames
 *(.debug_weaknames)

.debug_funcnames
 *(.debug_funcnames)

.debug_typenames
 *(.debug_typenames)

.debug_varnames
 *(.debug_varnames)
OUTPUT(led_play.elf elf32-littlearm)

.debug_ranges   0x0000000000000000      0x880
 .debug_ranges  0x0000000000000000       0xa8 ./system/src/stm32f4-hal/stm32f4xx_hal.o
 .debug_ranges  0x00000000000000a8      0x140 ./system/src/stm32f4-hal/stm32f4xx_hal_cortex.o
 .debug_ranges  0x00000000000001e8       0x68 ./system/src/stm32f4-hal/stm32f4xx_hal_gpio.o
 .debug_ranges  0x0000000000000250      0x150 ./system/src/stm32f4-hal/stm32f4xx_hal_rcc.o
 .debug_ranges  0x00000000000003a0       0xd0 ./system/src/newlib/_startup.o
 .debug_ranges  0x0000000000000470      0x290 ./system/src/newlib/_syscalls.o
 .debug_ranges  0x0000000000000700       0x18 ./system/src/cortexm/_initialize_hardware.o
 .debug_ranges  0x0000000000000718       0x90 ./system/src/cortexm/exception_handlers.o
 .debug_ranges  0x00000000000007a8       0x18 ./system/src/cmsis/system_stm32f4xx.o
 .debug_ranges  0x00000000000007c0       0x10 ./system/src/cmsis/vectors_stm32f407xx.o
 .debug_ranges  0x00000000000007d0       0x40 ./src/Timer.o
 .debug_ranges  0x0000000000000810       0x30 ./src/_initialize_hardware.o
 .debug_ranges  0x0000000000000840       0x30 ./src/main.o
 .debug_ranges  0x0000000000000870       0x10 ./src/stm32f4xx_hal_msp.o
